Component: ARM Compiler 5.06 update 7 (build 960) Tool: armlink [4d3601]

==============================================================================

Section Cross References

    startup_stm32f10x_md.o(STACK) refers (Special) to heapauxi.o(.text) for __use_two_region_memory
    startup_stm32f10x_md.o(HEAP) refers (Special) to heapauxi.o(.text) for __use_two_region_memory
    startup_stm32f10x_md.o(RESET) refers (Special) to heapauxi.o(.text) for __use_two_region_memory
    startup_stm32f10x_md.o(RESET) refers to startup_stm32f10x_md.o(STACK) for __initial_sp
    startup_stm32f10x_md.o(RESET) refers to startup_stm32f10x_md.o(.text) for Reset_Handler
    startup_stm32f10x_md.o(RESET) refers to stm32f10x_it.o(i.NMI_Handler) for NMI_Handler
    startup_stm32f10x_md.o(RESET) refers to stm32f10x_it.o(i.HardFault_Handler) for HardFault_Handler
    startup_stm32f10x_md.o(RESET) refers to stm32f10x_it.o(i.MemManage_Handler) for MemManage_Handler
    startup_stm32f10x_md.o(RESET) refers to stm32f10x_it.o(i.BusFault_Handler) for BusFault_Handler
    startup_stm32f10x_md.o(RESET) refers to stm32f10x_it.o(i.UsageFault_Handler) for UsageFault_Handler
    startup_stm32f10x_md.o(RESET) refers to stm32f10x_it.o(i.SVC_Handler) for SVC_Handler
    startup_stm32f10x_md.o(RESET) refers to stm32f10x_it.o(i.DebugMon_Handler) for DebugMon_Handler
    startup_stm32f10x_md.o(RESET) refers to stm32f10x_it.o(i.PendSV_Handler) for PendSV_Handler
    startup_stm32f10x_md.o(RESET) refers to stm32f10x_it.o(i.SysTick_Handler) for SysTick_Handler
    startup_stm32f10x_md.o(RESET) refers to stm32f10x_it.o(i.TIM3_IRQHandler) for TIM3_IRQHandler
    startup_stm32f10x_md.o(RESET) refers to esp8266.o(i.USART1_IRQHandler) for USART1_IRQHandler
    startup_stm32f10x_md.o(.text) refers (Special) to heapauxi.o(.text) for __use_two_region_memory
    startup_stm32f10x_md.o(.text) refers to system_stm32f10x.o(i.SystemInit) for SystemInit
    startup_stm32f10x_md.o(.text) refers to __main.o(!!!main) for __main
    startup_stm32f10x_md.o(.text) refers to startup_stm32f10x_md.o(HEAP) for Heap_Mem
    startup_stm32f10x_md.o(.text) refers to startup_stm32f10x_md.o(STACK) for Stack_Mem
    system_stm32f10x.o(i.SetSysClock) refers to system_stm32f10x.o(i.SetSysClockTo72) for SetSysClockTo72
    system_stm32f10x.o(i.SystemCoreClockUpdate) refers to system_stm32f10x.o(.data) for SystemCoreClock
    system_stm32f10x.o(i.SystemInit) refers to system_stm32f10x.o(i.SetSysClock) for SetSysClock
    stm32f10x_adc.o(i.ADC_DeInit) refers to stm32f10x_rcc.o(i.RCC_APB2PeriphResetCmd) for RCC_APB2PeriphResetCmd
    stm32f10x_bkp.o(i.BKP_DeInit) refers to stm32f10x_rcc.o(i.RCC_BackupResetCmd) for RCC_BackupResetCmd
    stm32f10x_can.o(i.CAN_DeInit) refers to stm32f10x_rcc.o(i.RCC_APB1PeriphResetCmd) for RCC_APB1PeriphResetCmd
    stm32f10x_can.o(i.CAN_GetITStatus) refers to stm32f10x_can.o(i.CheckITStatus) for CheckITStatus
    stm32f10x_cec.o(i.CEC_DeInit) refers to stm32f10x_rcc.o(i.RCC_APB1PeriphResetCmd) for RCC_APB1PeriphResetCmd
    stm32f10x_dac.o(i.DAC_DeInit) refers to stm32f10x_rcc.o(i.RCC_APB1PeriphResetCmd) for RCC_APB1PeriphResetCmd
    stm32f10x_flash.o(i.FLASH_EnableWriteProtection) refers to stm32f10x_flash.o(i.FLASH_WaitForLastOperation) for FLASH_WaitForLastOperation
    stm32f10x_flash.o(i.FLASH_EraseAllBank1Pages) refers to stm32f10x_flash.o(i.FLASH_WaitForLastBank1Operation) for FLASH_WaitForLastBank1Operation
    stm32f10x_flash.o(i.FLASH_EraseAllPages) refers to stm32f10x_flash.o(i.FLASH_WaitForLastOperation) for FLASH_WaitForLastOperation
    stm32f10x_flash.o(i.FLASH_EraseOptionBytes) refers to stm32f10x_flash.o(i.FLASH_GetReadOutProtectionStatus) for FLASH_GetReadOutProtectionStatus
    stm32f10x_flash.o(i.FLASH_EraseOptionBytes) refers to stm32f10x_flash.o(i.FLASH_WaitForLastOperation) for FLASH_WaitForLastOperation
    stm32f10x_flash.o(i.FLASH_ErasePage) refers to stm32f10x_flash.o(i.FLASH_WaitForLastOperation) for FLASH_WaitForLastOperation
    stm32f10x_flash.o(i.FLASH_ProgramHalfWord) refers to stm32f10x_flash.o(i.FLASH_WaitForLastOperation) for FLASH_WaitForLastOperation
    stm32f10x_flash.o(i.FLASH_ProgramOptionByteData) refers to stm32f10x_flash.o(i.FLASH_WaitForLastOperation) for FLASH_WaitForLastOperation
    stm32f10x_flash.o(i.FLASH_ProgramWord) refers to stm32f10x_flash.o(i.FLASH_WaitForLastOperation) for FLASH_WaitForLastOperation
    stm32f10x_flash.o(i.FLASH_ReadOutProtection) refers to stm32f10x_flash.o(i.FLASH_WaitForLastOperation) for FLASH_WaitForLastOperation
    stm32f10x_flash.o(i.FLASH_UserOptionByteConfig) refers to stm32f10x_flash.o(i.FLASH_WaitForLastOperation) for FLASH_WaitForLastOperation
    stm32f10x_flash.o(i.FLASH_WaitForLastBank1Operation) refers to stm32f10x_flash.o(i.FLASH_GetBank1Status) for FLASH_GetBank1Status
    stm32f10x_flash.o(i.FLASH_WaitForLastOperation) refers to stm32f10x_flash.o(i.FLASH_GetBank1Status) for FLASH_GetBank1Status
[...]
    i.RCC_APB2PeriphResetCmd                 0x08002d94   Section        0  stm32f10x_rcc.o(i.RCC_APB2PeriphResetCmd)
    i.RCC_GetClocksFreq                      0x08002db4   Section        0  stm32f10x_rcc.o(i.RCC_GetClocksFreq)
    i.ReadSensors                            0x08002e88   Section        0  main_onenet.o(i.ReadSensors)
    i.SVC_Handler                            0x08002fa4   Section        0  stm32f10x_it.o(i.SVC_Handler)
    i.SendToCloud                            0x08002fa8   Section        0  main_onenet.o(i.SendToCloud)
    i.SetSysClock                            0x0800308c   Section        0  system_stm32f10x.o(i.SetSysClock)
    SetSysClock                              0x0800308d   Thumb Code     8  system_stm32f10x.o(i.SetSysClock)
    i.SetSysClockTo72                        0x08003094   Section        0  system_stm32f10x.o(i.SetSysClockTo72)
    SetSysClockTo72                          0x08003095   Thumb Code   214  system_stm32f10x.o(i.SetSysClockTo72)
    i.ShowStartupScreen                      0x08003174   Section        0  main_onenet.o(i.ShowStartupScreen)
    i.SysTick_Handler                        0x080031e0   Section        0  stm32f10x_it.o(i.SysTick_Handler)
    i.SystemInit                             0x080031e4   Section        0  system_stm32f10x.o(i.SystemInit)
    i.System_Init                            0x08003244   Section        0  main_onenet.o(i.System_Init)
    i.TIM3_IRQHandler                        0x080032a8   Section        0  stm32f10x_it.o(i.TIM3_IRQHandler)
    i.TIM3_Init                              0x080032f8   Section        0  timer.o(i.TIM3_Init)
    i.TIM_ClearITPendingBit                  0x08003354   Section        0  stm32f10x_tim.o(i.TIM_ClearITPendingBit)
    i.TIM_Cmd                                0x0800335a   Section        0  stm32f10x_tim.o(i.TIM_Cmd)
    i.TIM_GetITStatus                        0x08003372   Section        0  stm32f10x_tim.o(i.TIM_GetITStatus)
    i.TIM_ITConfig                           0x08003394   Section        0  stm32f10x_tim.o(i.TIM_ITConfig)
    i.TIM_TimeBaseInit                       0x080033a8   Section        0  stm32f10x_tim.o(i.TIM_TimeBaseInit)
    i.USART1_IRQHandler                      0x0800344c   Section        0  esp8266.o(i.USART1_IRQHandler)
    i.USART_ClearITPendingBit                0x080034c0   Section        0  stm32f10x_usart.o(i.USART_ClearITPendingBit)
    i.USART_Cmd                              0x080034de   Section        0  stm32f10x_usart.o(i.USART_Cmd)
    i.USART_GetFlagStatus                    0x080034f6   Section        0  stm32f10x_usart.o(i.USART_GetFlagStatus)
    i.USART_GetITStatus                      0x08003510   Section        0  stm32f10x_usart.o(i.USART_GetITStatus)
    i.USART_ITConfig                         0x08003564   Section        0  stm32f10x_usart.o(i.USART_ITConfig)
    i.USART_Init                             0x080035b0   Section        0  stm32f10x_usart.o(i.USART_Init)
    i.USART_ReceiveData                      0x08003688   Section        0  stm32f10x_usart.o(i.USART_ReceiveData)
    i.USART_SendData                         0x08003692   Section        0  stm32f10x_usart.o(i.USART_SendData)
    i.UpdateDisplay                          0x0800369c   Section        0  main_onenet.o(i.UpdateDisplay)
    i.UsageFault_Handler                     0x080037d4   Section        0  stm32f10x_it.o(i.UsageFault_Handler)
    i._is_digit                              0x080037d8   Section        0  __printf_wp.o(i._is_digit)
    i.main                                   0x080037e8   Section        0  main_onenet.o(i.main)
    locale$$code                             0x08003924   Section       44  lc_ctype_c.o(locale$$code)
    x$fpl$d2f                                0x08003950   Section       98  d2f.o(x$fpl$d2f)
    x$fpl$ddiv                               0x080039b4   Section      688  ddiv.o(x$fpl$ddiv)
    ddiv_entry                               0x080039bb   Thumb Code     0  ddiv.o(x$fpl$ddiv)
    x$fpl$dnaninf                            0x08003c64   Section      156  dnaninf.o(x$fpl$dnaninf)
    x$fpl$dretinf                            0x08003d00   Section       12  dretinf.o(x$fpl$dretinf)
    x$fpl$f2d                                0x08003d0c   Section       86  f2d.o(x$fpl$f2d)
    x$fpl$ffixu                              0x08003d64   Section       62  ffixu.o(x$fpl$ffixu)
    x$fpl$ffltu                              0x08003da4   Section       38  fflt_clz.o(x$fpl$ffltu)
    x$fpl$fnaninf                            0x08003dca   Section      140  fnaninf.o(x$fpl$fnaninf)
    x$fpl$fretinf                            0x08003e56   Section       10  fretinf.o(x$fpl$fretinf)
    .constdata                               0x08003e60   Section     1520  oled.o(.constdata)
    x$fpl$usenofp                            0x08003e60   Section        0  usenofp.o(x$fpl$usenofp)
    .constdata                               0x08004450   Section        8  _printf_wctomb.o(.constdata)
    initial_mbstate                          0x08004450   Data           8  _printf_wctomb.o(.constdata)
    .constdata                               0x08004458   Section       40  _printf_hex_int.o(.constdata)
    uc_hextab                                0x08004458   Data          20  _printf_hex_int.o(.constdata)
    lc_hextab                                0x0800446c   Data          20  _printf_hex_int.o(.constdata)
    .constdata                               0x08004480   Section       17  __printf_flags_ss_wp.o(.constdata)
    maptable                                 0x08004480   Data          17  __printf_flags_ss_wp.o(.constdata)
    .conststring                             0x08004494   Section      274  onenet.o(.conststring)
    locale$$data                             0x080045c8   Section      272  lc_ctype_c.o(locale$$data)
    __lcctype_c_name                         0x080045cc   Data           2  lc_ctype_c.o(locale$$data)
    __lcctype_c_start                        0x080045d4   Data           0  lc_ctype_c.o(locale$$data)
    __lcctype_c_end                          0x080046d8   Data           0  lc_ctype_c.o(locale$$data)
    .data                                    0x20000000   Section       20  stm32f10x_rcc.o(.data)
    APBAHBPrescTable                         0x20000000   Data          16  stm32f10x_rcc.o(.data)
    ADCPrescTable                            0x20000010   Data           4  stm32f10x_rcc.o(.data)
    .data                                    0x20000014   Section        6  esp8266.o(.data)
    .data                                    0x2000001c   Section        8  timer.o(.data)
    .data                                    0x20000024   Section        2  stm32f10x_it.o(.data)
    ms_count                                 0x20000024   Data           2  stm32f10x_it.o(.data)
    .data                                    0x20000028   Section       36  main_onenet.o(.data)
    dht_timer                                0x20000044   Data           1  main_onenet.o(.data)
    light_accum                              0x20000046   Data           2  main_onenet.o(.data)
    smoke_accum                              0x20000048   Data           2  main_onenet.o(.data)
    sample_count                             0x2000004a   Data           1  main_onenet.o(.data)
    send_fail_count                          0x2000004b   Data           1  main_onenet.o(.data)
    .data                                    0x2000004c   Section        9  onenet.o(.data)
    .bss                                     0x20000058   Section      768  esp8266.o(.bss)
    .bss                                     0x20000358   Section       28  main_onenet.o(.bss)
    .bss                                     0x20000374   Section       96  libspace.o(.bss)
    HEAP                                     0x200003d8   Section      512  startup_stm32f10x_md.o(HEAP)
    Heap_Mem                                 0x200003d8   Data         512  startup_stm32f10x_md.o(HEAP)
    STACK                                    0x200005d8   Section     1024  startup_stm32f10x_md.o(STACK)
    Stack_Mem                                0x200005d8   Data        1024  startup_stm32f10x_md.o(STACK)
    __initial_sp                             0x200009d8   Data           0  startup_stm32f10x_md.o(STACK)

    Global Symbols

    Symbol Name                              Value     Ov Type        Size  Object(Section)

    BuildAttributes$$THM_ISAv4$P$D$K$B$S$PE$A:L22UL41UL21$X:L11$S22US41US21$IEEE1$IW$USESV6$~STKCKD$USESV7$~SHL$OTIME$ROPI$EBA8$UX$STANDARDLIB$REQ8$PRES8$EABIv2 0x00000000   Number         0  anon$$obj.o ABSOLUTE
    __ARM_use_no_argv                        0x00000000   Number         0  main_onenet.o ABSOLUTE
    _printf_flags                            0x00000000   Number         0  printf_stubs.o ABSOLUTE
    _printf_return_value                     0x00000000   Number         0  printf_stubs.o ABSOLUTE
    _printf_sizespec                         0x00000000   Number         0  printf_stubs.o ABSOLUTE
    _printf_widthprec                        0x00000000   Number         0  printf_stubs.o ABSOLUTE
    __ARM_exceptions_init                     - Undefined Weak Reference
    __alloca_initialize                       - Undefined Weak Reference
    __arm_fini_                               - Undefined Weak Reference
    __arm_preinit_                            - Undefined Weak Reference
    __cpp_initialize__aeabi_                  - Undefined Weak Reference
    __cxa_finalize                            - Undefined Weak Reference
    __sigvec_lookup                           - Undefined Weak Reference
    __user_heap_extent                        - Undefined Weak Reference
    _atexit_init                              - Undefined Weak Reference
    _call_atexit_fns                          - Undefined Weak Reference
    _clock_init                               - Undefined Weak Reference
    _fp_trap_init                             - Undefined Weak Reference
    _fp_trap_shutdown                         - Undefined Weak Reference
    _get_lc_collate                           - Undefined Weak Reference
    _get_lc_monetary                          - Undefined Weak Reference
    _get_lc_numeric                           - Undefined Weak Reference
    _get_lc_time                              - Undefined Weak Reference
    _getenv_init                              - Undefined Weak Reference
    _handle_redirection                       - Undefined Weak Reference
    _initio                                   - Undefined Weak Reference
    _mutex_acquire                            - Undefined Weak Reference
    _mutex_free                               - Undefined Weak Reference
    _mutex_release                            - Undefined Weak Reference
    _printf_mbtowc                            - Undefined Weak Reference
    _printf_wc                                - Undefined Weak Reference
    _rand_init                                - Undefined Weak Reference
    _signal_finish                            - Undefined Weak Reference
    _signal_init                              - Undefined Weak Reference
    _terminateio                              - Undefined Weak Reference
    __Vectors_Size                           0x000000ec   Number         0  startup_stm32f10x_md.o ABSOLUTE
    __Vectors                                0x08000000   Data           4  startup_stm32f10x_md.o(RESET)
    __Vectors_End                            0x080000ec   Data           0  startup_stm32f10x_md.o(RESET)
    __main                                   0x080000ed   Thumb Code     8  __main.o(!!!main)
    __scatterload                            0x080000f5   Thumb Code     0  __scatter.o(!!!scatter)
    __scatterload_rt2                        0x080000f5   Thumb Code    44  __scatter.o(!!!scatter)
    __scatterload_rt2_thumb_only             0x080000f5   Thumb Code     0  __scatter.o(!!!scatter)
    __scatterload_null                       0x08000103   Thumb Code     0  __scatter.o(!!!scatter)
    __scatterload_copy                       0x08000129   Thumb Code    26  __scatter_copy.o(!!handler_copy)
    __scatterload_zeroinit                   0x08000145   Thumb Code    28  __scatter_zi.o(!!handler_zi)
    _printf_i                                0x08000161   Thumb Code     0  _printf_i.o(.ARM.Collect$$_printf_percent$$00000008)
    _printf_percent                          0x08000161   Thumb Code     0  _printf_percent.o(.ARM.Collect$$_printf_percent$$00000000)
    _printf_d                                0x08000167   Thumb Code     0  _printf_d.o(.ARM.Collect$$_printf_percent$$00000009)
    _printf_u                                0x0800016d   Thumb Code     0  _printf_u.o(.ARM.Collect$$_printf_percent$$0000000A)
    _printf_o                                0x08000173   Thumb Code     0  _printf_o.o(.ARM.Collect$$_printf_percent$$0000000B)
    _printf_x                                0x08000179   Thumb Code     0  _printf_x.o(.ARM.Collect$$_printf_percent$$0000000C)
    _printf_l                                0x0800017f   Thumb Code     0  _printf_l.o(.ARM.Collect$$_printf_percent$$00000012)
    _printf_c                                0x08000189   Thumb Code     0  _printf_c.o(.ARM.Collect$$_printf_percent$$00000013)
    _printf_s                                0x0800018f   Thumb Code     0  _printf_s.o(.ARM.Collect$$_printf_percent$$00000014)
    _printf_lc                               0x08000195   Thumb Code     0  _printf_lc.o(.ARM.Collect$$_printf_percent$$00000015)
    _printf_percent_end                      0x0800019b   Thumb Code     0  _printf_percent_end.o(.ARM.Collect$$_printf_percent$$00000017)
    __rt_lib_init                            0x0800019f   Thumb Code     0  libinit.o(.ARM.Collect$$libinit$$00000000)
    __rt_lib_init_fp_1                       0x080001a1   Thumb Code     0  libinit2.o(.ARM.Collect$$libinit$$00000002)
    __rt_lib_init_heap_2                     0x080001a1   Thumb Code     0  libinit2.o(.ARM.Collect$$libinit$$00000005)
    __rt_lib_init_preinit_1                  0x080001a1   Thumb Code     0  libinit2.o(.ARM.Collect$$libinit$$00000004)
    __rt_lib_init_heap_1                     0x080001a9   Thumb Code     0  libinit2.o(.ARM.Collect$$libinit$$0000000A)
    __rt_lib_init_lc_common                  0x080001a9   Thumb Code     0  libinit2.o(.ARM.Collect$$libinit$$0000000F)
    __rt_lib_init_rand_1                     0x080001a9   Thumb Code     0  libinit2.o(.ARM.Collect$$libinit$$0000000E)
    __rt_lib_init_user_alloc_1               0x080001a9   Thumb Code     0  libinit2.o(.ARM.Collect$$libinit$$0000000C)
    __rt_lib_init_lc_collate_1               0x080001af   Thumb Code     0  libinit2.o(.ARM.Collect$$libinit$$00000011)
    __rt_lib_init_lc_ctype_2                 0x080001af   Thumb Code     0  libinit2.o(.ARM.Collect$$libinit$$00000012)
    __rt_lib_init_alloca_1                   0x080001bb   Thumb Code     0  libinit2.o(.ARM.Collect$$libinit$$0000002E)
    __rt_lib_init_argv_1                     0x080001bb   Thumb Code     0  libinit2.o(.ARM.Collect$$libinit$$0000002C)
    __rt_lib_init_atexit_1                   0x080001bb   Thumb Code     0  libinit2.o(.ARM.Collect$$libinit$$0000001B)
    __rt_lib_init_clock_1                    0x080001bb   Thumb Code     0  libinit2.o(.ARM.Collect$$libinit$$00000021)
    __rt_lib_init_cpp_1                      0x080001bb   Thumb Code     0  libinit2.o(.ARM.Collect$$libinit$$00000032)
    __rt_lib_init_exceptions_1               0x080001bb   Thumb Code     0  libinit2.o(.ARM.Collect$$libinit$$00000030)
    __rt_lib_init_fp_trap_1                  0x080001bb   Thumb Code     0  libinit2.o(.ARM.Collect$$libinit$$0000001F)
    __rt_lib_init_getenv_1                   0x080001bb   Thumb Code     0  libinit2.o(.ARM.Collect$$libinit$$00000023)
    __rt_lib_init_lc_ctype_1                 0x080001bb   Thumb Code     0  libinit2.o(.ARM.Collect$$libinit$$00000013)
    __rt_lib_init_lc_monetary_1              0x080001bb   Thumb Code     0  libinit2.o(.ARM.Collect$$libinit$$00000015)
    __rt_lib_init_lc_numeric_1               0x080001bb   Thumb Code     0  libinit2.o(.ARM.Collect$$libinit$$00000017)
    __rt_lib_init_lc_time_1                  0x080001bb   Thumb Code     0  libinit2.o(.ARM.Collect$$libinit$$00000019)
    __rt_lib_init_return                     0x080001bb   Thumb Code     0  libinit2.o(.ARM.Collect$$libinit$$00000033)
    __rt_lib_init_signal_1                   0x080001bb   Thumb Code     0  libinit2.o(.ARM.Collect$$libinit$$0000001D)
    __rt_lib_init_stdio_1                    0x080001bb   Thumb Code     0  libinit2.o(.ARM.Collect$$libinit$$00000025)
    __rt_lib_shutdown                        0x080001bd   Thumb Code     0  libshutdown.o(.ARM.Collect$$libshutdown$$00000000)
    __rt_lib_shutdown_cpp_1                  0x080001bf   Thumb Code     0  libshutdown2.o(.ARM.Collect$$libshutdown$$00000004)
    __rt_lib_shutdown_fini_1                 0x080001bf   Thumb Code     0  libshutdown2.o(.ARM.Collect$$libshutdown$$00000002)
    __rt_lib_shutdown_fp_trap_1              0x080001bf   Thumb Code     0  libshutdown2.o(.ARM.Collect$$libshutdown$$00000009)
    __rt_lib_shutdown_heap_1                 0x080001bf   Thumb Code     0  libshutdown2.o(.ARM.Collect$$libshutdown$$00000011)
    __rt_lib_shutdown_return                 0x080001bf   Thumb Code     0  libshutdown2.o(.ARM.Collect$$libshutdown$$00000012)
    __rt_lib_shutdown_signal_1               0x080001bf   Thumb Code     0  libshutdown2.o(.ARM.Collect$$libshutdown$$0000000C)
    __rt_lib_shutdown_stdio_1                0x080001bf   Thumb Code     0  libshutdown2.o(.ARM.Collect$$libshutdown$$00000006)
    __rt_lib_shutdown_user_alloc_1           0x080001bf   Thumb Code     0  libshutdown2.o(.ARM.Collect$$libshutdown$$0000000E)
    __rt_entry                               0x080001c1   Thumb Code     0  __rtentry.o(.ARM.Collect$$rtentry$$00000000)
    __rt_entry_presh_1                       0x080001c1   Thumb Code     0  __rtentry2.o(.ARM.Collect$$rtentry$$00000002)
    __rt_entry_sh                            0x080001c1   Thumb Code     0  __rtentry4.o(.ARM.Collect$$rtentry$$00000004)
    __rt_entry_li                            0x080001c7   Thumb Code     0  __rtentry2.o(.ARM.Collect$$rtentry$$0000000A)
    __rt_entry_postsh_1                      0x080001c7   Thumb Code     0  __rtentry2.o(.ARM.Collect$$rtentry$$00000009)
    __rt_entry_main                          0x080001cb   Thumb Code     0  __rtentry2.o(.ARM.Collect$$rtentry$$0000000D)
    __rt_entry_postli_1                      0x080001cb   Thumb Code     0  __rtentry2.o(.ARM.Collect$$rtentry$$0000000C)
    __rt_exit                                0x080001d3   Thumb Code     0  rtexit.o(.ARM.Collect$$rtexit$$00000000)
    __rt_exit_ls                             0x080001d5   Thumb Code     0  rtexit2.o(.ARM.Collect$$rtexit$$00000003)
    __rt_exit_prels_1                        0x080001d5   Thumb Code     0  rtexit2.o(.ARM.Collect$$rtexit$$00000002)
    __rt_exit_exit                           0x080001d9   Thumb Code     0  rtexit2.o(.ARM.Collect$$rtexit$$00000004)
    Reset_Handler                            0x080001e1   Thumb Code     8  startup_stm32f10x_md.o(.text)
    _maybe_terminate_alloc                   0x080001e1   Thumb Code     0  maybetermalloc1.o(.emb_text)
    ADC1_2_IRQHandler                        0x080001fb   Thumb Code     0  startup_stm32f10x_md.o(.text)
    CAN1_RX1_IRQHandler                      0x080001fb   Thumb Code     0  startup_stm32f10x_md.o(.text)
    CAN1_SCE_IRQHandler                      0x080001fb   Thumb Code     0  startup_stm32f10x_md.o(.text)
    DMA1_Channel1_IRQHandler                 0x080001fb   Thumb Code     0  startup_stm32f10x_md.o(.text)
    DMA1_Channel2_IRQHandler                 0x080001fb   Thumb Code     0  startup_stm32f10x_md.o(.text)
    DMA1_Channel3_IRQHandler                 0x080001fb   Thumb Code     0  startup_stm32f10x_md.o(.text)
    DMA1_Channel4_IRQHandler                 0x080001fb   Thumb Code     0  startup_stm32f10x_md.o(.text)
    DMA1_Channel5_IRQHandler                 0x080001fb   Thumb Code     0  startup_stm32f10x_md.o(.text)
    DMA1_Channel6_IRQHandler                 0x080001fb   Thumb Code     0  startup_stm32f10x_md.o(.text)
    DMA1_Channel7_IRQHandler                 0x080001fb   Thumb Code     0  startup_stm32f10x_md.o(.text)
    EXTI0_IRQHandler                         0x080001fb   Thumb Code     0  startup_stm32f10x_md.o(.text)
    EXTI15_10_IRQHandler                     0x080001fb   Thumb Code     0  startup_stm32f10x_md.o(.text)
    EXTI1_IRQHandler                         0x080001fb   Thumb Code     0  startup_stm32f10x_md.o(.text)
    EXTI2_IRQHandler                         0x080001fb   Thumb Code     0  startup_stm32f10x_md.o(.text)
    EXTI3_IRQHandler                         0x080001fb   Thumb Code     0  startup_stm32f10x_md.o(.text)
    EXTI4_IRQHandler                         0x080001fb   Thumb Code     0  startup_stm32f10x_md.o(.text)
    EXTI9_5_IRQHandler                       0x080001fb   Thumb Code     0  startup_stm32f10x_md.o(.text)
    FLASH_IRQHandler                         0x080001fb   Thumb Code     0  startup_stm32f10x_md.o(.text)
    I2C1_ER_IRQHandler                       0x080001fb   Thumb Code     0  startup_stm32f10x_md.o(.text)
    I2C1_EV_IRQHandler                       0x080001fb   Thumb Code     0  startup_stm32f10x_md.o(.text)
    I2C2_ER_IRQHandler                       0x080001fb   Thumb Code     0  startup_stm32f10x_md.o(.text)
    I2C2_EV_IRQHandler                       0x080001fb   Thumb Code     0  startup_stm32f10x_md.o(.text)
    PVD_IRQHandler                           0x080001fb   Thumb Code     0  startup_stm32f10x_md.o(.text)
    RCC_IRQHandler                           0x080001fb   Thumb Code     0  startup_stm32f10x_md.o(.text)
    RTCAlarm_IRQHandler                      0x080001fb   Thumb Code     0  startup_stm32f10x_md.o(.text)
    RTC_IRQHandler                           0x080001fb   Thumb Code     0  startup_stm32f10x_md.o(.text)
    SPI1_IRQHandler                          0x080001fb   Thumb Code     0  startup_stm32f10x_md.o(.text)
    SPI2_IRQHandler                          0x080001fb   Thumb Code     0  startup_stm32f10x_md.o(.text)
    TAMPER_IRQHandler                        0x080001fb   Thumb Code     0  startup_stm32f10x_md.o(.text)
    TIM1_BRK_IRQHandler                      0x080001fb   Thumb Code     0  startup_stm32f10x_md.o(.text)
    TIM1_CC_IRQHandler                       0x080001fb   Thumb Code     0  startup_stm32f10x_md.o(.text)
    TIM1_TRG_COM_IRQHandler                  0x080001fb   Thumb Code     0  startup_stm32f10x_md.o(.text)
    TIM1_UP_IRQHandler                       0x080001fb   Thumb Code     0  startup_stm32f10x_md.o(.text)
    TIM2_IRQHandler                          0x080001fb   Thumb Code     0  startup_stm32f10x_md.o(.text)
    TIM4_IRQHandler                          0x080001fb   Thumb Code     0  startup_stm32f10x_md.o(.text)
    USART2_IRQHandler                        0x080001fb   Thumb Code     0  startup_stm32f10x_md.o(.text)
    USART3_IRQHandler                        0x080001fb   Thumb Code     0  startup_stm32f10x_md.o(.text)
    USBWakeUp_IRQHandler                     0x080001fb   Thumb Code     0  startup_stm32f10x_md.o(.text)
    USB_HP_CAN1_TX_IRQHandler                0x080001fb   Thumb Code     0  startup_stm32f10x_md.o(.text)
    USB_LP_CAN1_RX0_IRQHandler               0x080001fb   Thumb Code     0  startup_stm32f10x_md.o(.text)
    WWDG_IRQHandler                          0x080001fb   Thumb Code     0  startup_stm32f10x_md.o(.text)
    __user_initial_stackheap                 0x080001fd   Thumb Code     0  startup_stm32f10x_md.o(.text)
    malloc                                   0x08000221   Thumb Code    94  h1_alloc.o(.text)
    free                                     0x0800027f   Thumb Code    78  h1_free.o(.text)
    __2sprintf                               0x080002cd   Thumb Code    34  noretval__2sprintf.o(.text)
    _printf_pre_padding                      0x080002f5   Thumb Code    44  _printf_pad.o(.text)
    _printf_post_padding                     0x08000321   Thumb Code    34  _printf_pad.o(.text)
    _printf_truncate_signed                  0x08000343   Thumb Code    18  _printf_truncate.o(.text)
    _printf_truncate_unsigned                0x08000355   Thumb Code    18  _printf_truncate.o(.text)
    _printf_str                              0x08000367   Thumb Code    82  _printf_str.o(.text)
    _printf_int_dec                          0x080003b9   Thumb Code   104  _printf_dec.o(.text)
    _printf_wctomb                           0x08000431   Thumb Code   182  _printf_wctomb.o(.text)
    _printf_int_oct                          0x080004ed   Thumb Code    72  _printf_oct_int.o(.text)
    _printf_longlong_oct                     0x080004ed   Thumb Code     0  _printf_oct_int.o(.text)
    _printf_int_hex                          0x0800053d   Thumb Code    84  _printf_hex_int.o(.text)
    _printf_longlong_hex                     0x0800053d   Thumb Code     0  _printf_hex_int.o(.text)
    __printf                                 0x08000595   Thumb Code   388  __printf_flags_ss_wp.o(.text)
    atoi                                     0x0800071d   Thumb Code    26  atoi.o(.text)
    strchr                                   0x08000737   Thumb Code    20  strchr.o(.text)
    strncat                                  0x0800074b   Thumb Code    36  strncat.o(.text)
    strstr                                   0x0800076f   Thumb Code    36  strstr.o(.text)
    strlen                                   0x08000793   Thumb Code    62  strlen.o(.text)
    __aeabi_memcpy                           0x080007d1   Thumb Code     0  rt_memcpy_v6.o(.text)
    __rt_memcpy                              0x080007d1   Thumb Code   138  rt_memcpy_v6.o(.text)
    _memcpy_lastbytes                        0x08000837   Thumb Code     0  rt_memcpy_v6.o(.text)
    __aeabi_memcpy4                          0x0800085b   Thumb Code     0  rt_memcpy_w.o(.text)
    __aeabi_memcpy8                          0x0800085b   Thumb Code     0  rt_memcpy_w.o(.text)
    __rt_memcpy_w                            0x0800085b   Thumb Code   100  rt_memcpy_w.o(.text)
    _memcpy_lastbytes_aligned                0x080008a3   Thumb Code     0  rt_memcpy_w.o(.text)
    __aeabi_memclr                           0x080008bf   Thumb Code     0  rt_memclr.o(.text)
    __rt_memclr                              0x080008bf   Thumb Code    68  rt_memclr.o(.text)
    _memset                                  0x080008c3   Thumb Code     0  rt_memclr.o(.text)
    __aeabi_memclr4                          0x08000903   Thumb Code     0  rt_memclr_w.o(.text)
    __aeabi_memclr8                          0x08000903   Thumb Code     0  rt_memclr_w.o(.text)
    __rt_memclr_w                            0x08000903   Thumb Code    78  rt_memclr_w.o(.text)
    _memset_w                                0x08000907   Thumb Code     0  rt_memclr_w.o(.text)
    __use_two_region_memory                  0x08000951   Thumb Code     2  heapauxi.o(.text)
    __rt_heap_escrow                         0x08000953   Thumb Code     2  heapauxi.o(.text)
    __rt_heap_expand                         0x08000955   Thumb Code     2  heapauxi.o(.text)
    __rt_heap_descriptor                     0x08000959   Thumb Code     8  rt_heap_descriptor_intlibspace.o(.text)
    __aeabi_errno_addr                       0x08000961   Thumb Code     8  rt_errno_addr_intlibspace.o(.text)
    __errno$intlibspace                      0x08000961   Thumb Code     0  rt_errno_addr_intlibspace.o(.text)
    __rt_errno_addr$intlibspace              0x08000961   Thumb Code     0  rt_errno_addr_intlibspace.o(.text)
    __use_no_heap                            0x08000969   Thumb Code     2  hguard.o(.text)
    __heap$guard                             0x0800096b   Thumb Code     2  hguard.o(.text)
    _terminate_user_alloc                    0x0800096d   Thumb Code     2  init_alloc.o(.text)
    _init_user_alloc                         0x0800096f   Thumb Code     2  init_alloc.o(.text)
    __Heap_Full                              0x08000971   Thumb Code    34  init_alloc.o(.text)
    __Heap_Broken                            0x08000993   Thumb Code     6  init_alloc.o(.text)
    _init_alloc                              0x08000999   Thumb Code    94  init_alloc.o(.text)
    __Heap_Initialize                        0x080009f7   Thumb Code    10  h1_init.o(.text)
    __Heap_DescSize                          0x08000a01   Thumb Code     4  h1_init.o(.text)
    _printf_int_common                       0x08000a05   Thumb Code   178  _printf_intcommon.o(.text)
    _printf_char_common                      0x08000ac3   Thumb Code    32  _printf_char_common.o(.text)
    _sputc                                   0x08000ae9   Thumb Code    10  _sputc.o(.text)
    _printf_cs_common                        0x08000af3   Thumb Code    20  _printf_char.o(.text)
    _printf_char                             0x08000b07   Thumb Code    16  _printf_char.o(.text)
    _printf_string                           0x08000b17   Thumb Code     8  _printf_char.o(.text)
    _printf_lcs_common                       0x08000b1f   Thumb Code    20  _printf_wchar.o(.text)
    _printf_wchar                            0x08000b33   Thumb Code    16  _printf_wchar.o(.text)
    _printf_wstring                          0x08000b43   Thumb Code     8  _printf_wchar.o(.text)
    strtol                                   0x08000b4b   Thumb Code   112  strtol.o(.text)
    _wcrtomb                                 0x08000bbb   Thumb Code    64  _wcrtomb.o(.text)
    __user_libspace                          0x08000bfd   Thumb Code     8  libspace.o(.text)
    __user_perproc_libspace                  0x08000bfd   Thumb Code     0  libspace.o(.text)
    __user_perthread_libspace                0x08000bfd   Thumb Code     0  libspace.o(.text)
    __rt_ctype_table                         0x08000c05   Thumb Code    16  rt_ctype_table.o(.text)
    __Heap_ProvideMemory                     0x08000c15   Thumb Code    52  h1_extend.o(.text)
    _strtoul                                 0x08000c49   Thumb Code   158  _strtoul.o(.text)
    __rt_SIGRTMEM                            0x08000ce7   Thumb Code    14  defsig_rtmem_outer.o(.text)
    __I$use$semihosting                      0x08000cf5   Thumb Code     0  use_no_semi.o(.text)
    __use_no_semihosting_swi                 0x08000cf5   Thumb Code     2  use_no_semi.o(.text)
    __semihosting_library_function           0x08000cf7   Thumb Code     0  indicate_semi.o(.text)
    __user_setup_stackheap                   0x08000cf7   Thumb Code    74  sys_stackheap_outer.o(.text)
    __rt_locale                              0x08000d41   Thumb Code     8  rt_locale_intlibspace.o(.text)
    _chval                                   0x08000d49   Thumb Code    28  _chval.o(.text)
    exit                                     0x08000d65   Thumb Code    18  exit.o(.text)
    __sig_exit                               0x08000d77   Thumb Code    10  defsig_exit.o(.text)
    __rt_SIGRTMEM_inner                      0x08000d81   Thumb Code    22  defsig_rtmem_inner.o(.text)
    _sys_exit                                0x08000dd1   Thumb Code     8  sys_exit.o(.text)
    __default_signal_display                 0x08000ddd   Thumb Code    50  defsig_general.o(.text)
    strcmp                                   0x08000e11   Thumb Code   128  strcmpv7m.o(.text)
    _ttywrch                                 0x08000e91   Thumb Code    14  sys_wrch.o(.text)
    ADC_Cmd                                  0x08000e9f   Thumb Code    22  stm32f10x_adc.o(i.ADC_Cmd)
    ADC_DeInit                               0x08000eb5   Thumb Code    78  stm32f10x_adc.o(i.ADC_DeInit)
    ADC_GetCalibrationStatus                 0x08000f11   Thumb Code    20  stm32f10x_adc.o(i.ADC_GetCalibrationStatus)
    ADC_GetConversionValue                   0x08000f25   Thumb Code     8  stm32f10x_adc.o(i.ADC_GetConversionValue)
    ADC_GetFlagStatus                        0x08000f2d   Thumb Code    18  stm32f10x_adc.o(i.ADC_GetFlagStatus)
    ADC_GetResetCalibrationStatus            0x08000f3f   Thumb Code    20  stm32f10x_adc.o(i.ADC_GetResetCalibrationStatus)
    ADC_Init                                 0x08000f55   Thumb Code    70  stm32f10x_adc.o(i.ADC_Init)
    ADC_RegularChannelConfig                 0x08000fa5   Thumb Code   184  stm32f10x_adc.o(i.ADC_RegularChannelConfig)
    ADC_ResetCalibration                     0x0800105d   Thumb Code    10  stm32f10x_adc.o(i.ADC_ResetCalibration)
    ADC_SoftwareStartConvCmd                 0x08001067   Thumb Code    22  stm32f10x_adc.o(i.ADC_SoftwareStartConvCmd)
    ADC_StartCalibration                     0x0800107d   Thumb Code    10  stm32f10x_adc.o(i.ADC_StartCalibration)
    BH1750_I2C_Init                          0x08001089   Thumb Code   104  bh1750.o(i.BH1750_I2C_Init)
    BH1750_Init                              0x080010fd   Thumb Code    30  bh1750.o(i.BH1750_Init)
    BH1750_PowerOn                           0x0800111b   Thumb Code    10  bh1750.o(i.BH1750_PowerOn)
    BH1750_ReadBytes                         0x08001125   Thumb Code   136  bh1750.o(i.BH1750_ReadBytes)
    BH1750_ReadLightIntensity                0x080011b5   Thumb Code    58  bh1750.o(i.BH1750_ReadLightIntensity)
    BH1750_SetMode                           0x080011f5   Thumb Code    12  bh1750.o(i.BH1750_SetMode)
    BH1750_WriteByte                         0x08001201   Thumb Code   100  bh1750.o(i.BH1750_WriteByte)
    BackgroundConnect                        0x08001271   Thumb Code   438  main_onenet.o(i.BackgroundConnect)
    BusFault_Handler                         0x08001461   Thumb Code     4  stm32f10x_it.o(i.BusFault_Handler)
    CheckWiFiStatus                          0x08001465   Thumb Code    94  main_onenet.o(i.CheckWiFiStatus)
    ConnectToOneNET                          0x08001515   Thumb Code    18  main_onenet.o(i.ConnectToOneNET)
    DHT11_GPIO_IN                            0x08001529   Thumb Code    40  dht11.o(i.DHT11_GPIO_IN)
    DHT11_GPIO_OUT                           0x08001555   Thumb Code    40  dht11.o(i.DHT11_GPIO_OUT)
    DHT11_ReadByte                           0x08001581   Thumb Code   118  dht11.o(i.DHT11_ReadByte)
    DHT11_ReadData                           0x080015fd   Thumb Code   204  dht11.o(i.DHT11_ReadData)
    DebugMon_Handler                         0x080016cd   Thumb Code     2  stm32f10x_it.o(i.DebugMon_Handler)
    Delay_ms                                 0x080016cf   Thumb Code    24  delay.o(i.Delay_ms)
    Delay_us                                 0x080016e7   Thumb Code    46  delay.o(i.Delay_us)
    ESP8266_Clear                            0x08001715   Thumb Code    24  esp8266.o(i.ESP8266_Clear)
    ESP8266_ClearBuffer                      0x08001739   Thumb Code    20  esp8266.o(i.ESP8266_ClearBuffer)
    ESP8266_CloseTCP                         0x08001755   Thumb Code    16  esp8266.o(i.ESP8266_CloseTCP)
    ESP8266_ConnectWiFi                      0x08001775   Thumb Code   164  esp8266.o(i.ESP8266_ConnectWiFi)
    ESP8266_GetIPD                           0x08001861   Thumb Code    68  esp8266.o(i.ESP8266_GetIPD)
    ESP8266_Init                             0x080018b1   Thumb Code   174  esp8266.o(i.ESP8266_Init)
    ESP8266_Reset                            0x08001971   Thumb Code    80  esp8266.o(i.ESP8266_Reset)
    ESP8266_SendAT                           0x080019c5   Thumb Code    46  esp8266.o(i.ESP8266_SendAT)
    ESP8266_SendChar                         0x080019f9   Thumb Code    28  esp8266.o(i.ESP8266_SendChar)
    ESP8266_SendCmd                          0x08001a19   Thumb Code    74  esp8266.o(i.ESP8266_SendCmd)
    ESP8266_SendData                         0x08001a6d   Thumb Code    54  esp8266.o(i.ESP8266_SendData)
    ESP8266_SendDataCheck                    0x08001ab9   Thumb Code    90  esp8266.o(i.ESP8266_SendDataCheck)
    ESP8266_SendString                       0x08001b3d   Thumb Code    22  esp8266.o(i.ESP8266_SendString)
    ESP8266_SetMode                          0x08001b55   Thumb Code    32  esp8266.o(i.ESP8266_SetMode)
    ESP8266_StartTCP                         0x08001b89   Thumb Code    50  esp8266.o(i.ESP8266_StartTCP)
    ESP8266_Test                             0x08001bf1   Thumb Code    16  esp8266.o(i.ESP8266_Test)
    ESP8266_WaitRecive                       0x08001c09   Thumb Code    42  esp8266.o(i.ESP8266_WaitRecive)
    ESP8266_WaitResponse                     0x08001c3d   Thumb Code    40  esp8266.o(i.ESP8266_WaitResponse)
    GPIO_Init                                0x08001c69   Thumb Code   278  stm32f10x_gpio.o(i.GPIO_Init)
    GPIO_ReadInputDataBit                    0x08001d7f   Thumb Code    18  stm32f10x_gpio.o(i.GPIO_ReadInputDataBit)
    GPIO_ResetBits                           0x08001d91   Thumb Code     4  stm32f10x_gpio.o(i.GPIO_ResetBits)
    GPIO_SetBits                             0x08001d95   Thumb Code     4  stm32f10x_gpio.o(i.GPIO_SetBits)
    GPIO_WriteBit                            0x08001d99   Thumb Code    10  stm32f10x_gpio.o(i.GPIO_WriteBit)
    GetReconnectFlag                         0x08001da5   Thumb Code    26  timer.o(i.GetReconnectFlag)
    HardFault_Handler                        0x08001dc5   Thumb Code     4  stm32f10x_it.o(i.HardFault_Handler)
    I2C_AcknowledgeConfig                    0x08001dc9   Thumb Code    24  stm32f10x_i2c.o(i.I2C_AcknowledgeConfig)
    I2C_CheckEvent                           0x08001de1   Thumb Code    42  stm32f10x_i2c.o(i.I2C_CheckEvent)
    I2C_Cmd                                  0x08001e0b   Thumb Code    24  stm32f10x_i2c.o(i.I2C_Cmd)
    I2C_GenerateSTART                        0x08001e23   Thumb Code    24  stm32f10x_i2c.o(i.I2C_GenerateSTART)
    I2C_GenerateSTOP                         0x08001e3b   Thumb Code    24  stm32f10x_i2c.o(i.I2C_GenerateSTOP)
    I2C_GetFlagStatus                        0x08001e53   Thumb Code    58  stm32f10x_i2c.o(i.I2C_GetFlagStatus)
    I2C_Init                                 0x08001e8d   Thumb Code   222  stm32f10x_i2c.o(i.I2C_Init)
    I2C_ReceiveData                          0x08001f79   Thumb Code     8  stm32f10x_i2c.o(i.I2C_ReceiveData)
    I2C_Send7bitAddress                      0x08001f81   Thumb Code    18  stm32f10x_i2c.o(i.I2C_Send7bitAddress)
    I2C_SendData                             0x08001f93   Thumb Code     4  stm32f10x_i2c.o(i.I2C_SendData)
    IWDG_Enable                              0x08001f99   Thumb Code    10  stm32f10x_iwdg.o(i.IWDG_Enable)
    IWDG_ReloadCounter                       0x08001fa9   Thumb Code    10  stm32f10x_iwdg.o(i.IWDG_ReloadCounter)
    IWDG_SetPrescaler                        0x08001fb9   Thumb Code     6  stm32f10x_iwdg.o(i.IWDG_SetPrescaler)
    IWDG_SetReload                           0x08001fc5   Thumb Code     6  stm32f10x_iwdg.o(i.IWDG_SetReload)
    IWDG_WriteAccessCmd                      0x08001fd1   Thumb Code     6  stm32f10x_iwdg.o(i.IWDG_WriteAccessCmd)
    MQ2_Init                                 0x08001fdd   Thumb Code   124  mq2.o(i.MQ2_Init)
    MQ2_Read                                 0x08002061   Thumb Code    44  mq2.o(i.MQ2_Read)
    MQTT_DeleteBuffer                        0x08002091   Thumb Code    28  mqttkit.o(i.MQTT_DeleteBuffer)
    MQTT_DumpLength                          0x080020ad   Thumb Code    46  mqttkit.o(i.MQTT_DumpLength)
    MQTT_NewBuffer                           0x080020db   Thumb Code    88  mqttkit.o(i.MQTT_NewBuffer)
    MQTT_PacketCmdResp                       0x08002135   Thumb Code   132  mqttkit.o(i.MQTT_PacketCmdResp)
    MQTT_PacketConnect                       0x080021c1   Thumb Code   686  mqttkit.o(i.MQTT_PacketConnect)
    MQTT_PacketPublish                       0x08002475   Thumb Code   304  mqttkit.o(i.MQTT_PacketPublish)
    MQTT_PacketSaveData                      0x080025a5   Thumb Code    52  mqttkit.o(i.MQTT_PacketSaveData)
    MQTT_ReadLength                          0x08002601   Thumb Code    70  mqttkit.o(i.MQTT_ReadLength)
    MQTT_UnPacketCmd                         0x08002647   Thumb Code   140  mqttkit.o(i.MQTT_UnPacketCmd)
    MQTT_UnPacketConnectAck                  0x080026d3   Thumb Code    30  mqttkit.o(i.MQTT_UnPacketConnectAck)
    MQTT_UnPacketRecv                        0x080026f1   Thumb Code   106  mqttkit.o(i.MQTT_UnPacketRecv)
    MemManage_Handler                        0x08002765   Thumb Code     4  stm32f10x_it.o(i.MemManage_Handler)
    MqttOnenet_Savedata                      0x08002769   Thumb Code    68  onenet.o(i.MqttOnenet_Savedata)
    NMI_Handler                              0x080027c1   Thumb Code     2  stm32f10x_it.o(i.NMI_Handler)
    NVIC_Init                                0x080027c5   Thumb Code   100  misc.o(i.NVIC_Init)
    OLED_Clear                               0x08002835   Thumb Code    42  oled.o(i.OLED_Clear)
    OLED_I2C_Init                            0x08002861   Thumb Code    76  oled.o(i.OLED_I2C_Init)
    OLED_I2C_SendByte                        0x080028b1   Thumb Code    80  oled.o(i.OLED_I2C_SendByte)
    OLED_I2C_Start                           0x08002905   Thumb Code    48  oled.o(i.OLED_I2C_Start)
    OLED_I2C_Stop                            0x08002939   Thumb Code    36  oled.o(i.OLED_I2C_Stop)
    OLED_Init                                0x08002961   Thumb Code   174  oled.o(i.OLED_Init)
    OLED_SetCursor                           0x08002a0f   Thumb Code    34  oled.o(i.OLED_SetCursor)
    OLED_ShowChar                            0x08002a31   Thumb Code   110  oled.o(i.OLED_ShowChar)
    OLED_ShowString                          0x08002aa5   Thumb Code    40  oled.o(i.OLED_ShowString)
    OLED_WriteCommand                        0x08002acd   Thumb Code    32  oled.o(i.OLED_WriteCommand)
    OLED_WriteData                           0x08002aed   Thumb Code    32  oled.o(i.OLED_WriteData)
    OneNet_DevLink                           0x08002b0d   Thumb Code   164  onenet.o(i.OneNet_DevLink)
    OneNet_GetControl                        0x08002bd9   Thumb Code    26  onenet.o(i.OneNet_GetControl)
    OneNet_RevPro                            0x08002c01   Thumb Code   196  onenet.o(i.OneNet_RevPro)
    OneNet_SendData                          0x08002cc5   Thumb Code   106  onenet.o(i.OneNet_SendData)
    OneNet_SetControl                        0x08002d35   Thumb Code    14  onenet.o(i.OneNet_SetControl)
    PendSV_Handler                           0x08002d51   Thumb Code     2  stm32f10x_it.o(i.PendSV_Handler)
    RCC_APB1PeriphClockCmd                   0x08002d55   Thumb Code    26  stm32f10x_rcc.o(i.RCC_APB1PeriphClockCmd)
    RCC_APB2PeriphClockCmd                   0x08002d75   Thumb Code    26  stm32f10x_rcc.o(i.RCC_APB2PeriphClockCmd)
    RCC_APB2PeriphResetCmd                   0x08002d95   Thumb Code    26  stm32f10x_rcc.o(i.RCC_APB2PeriphResetCmd)
    RCC_GetClocksFreq                        0x08002db5   Thumb Code   192  stm32f10x_rcc.o(i.RCC_GetClocksFreq)
    ReadSensors                              0x08002e89   Thumb Code   238  main_onenet.o(i.ReadSensors)
    SVC_Handler                              0x08002fa5   Thumb Code     2  stm32f10x_it.o(i.SVC_Handler)
    SendToCloud                              0x08002fa9   Thumb Code   196  main_onenet.o(i.SendToCloud)
    ShowStartupScreen                        0x08003175   Thumb Code    48  main_onenet.o(i.ShowStartupScreen)
    SysTick_Handler                          0x080031e1   Thumb Code     2  stm32f10x_it.o(i.SysTick_Handler)
    SystemInit                               0x080031e5   Thumb Code    78  system_stm32f10x.o(i.SystemInit)
    System_Init                              0x08003245   Thumb Code    86  main_onenet.o(i.System_Init)
    TIM3_IRQHandler                          0x080032a9   Thumb Code    62  stm32f10x_it.o(i.TIM3_IRQHandler)
    TIM3_Init                                0x080032f9   Thumb Code    88  timer.o(i.TIM3_Init)
    TIM_ClearITPendingBit                    0x08003355   Thumb Code     6  stm32f10x_tim.o(i.TIM_ClearITPendingBit)
    TIM_Cmd                                  0x0800335b   Thumb Code    24  stm32f10x_tim.o(i.TIM_Cmd)
    TIM_GetITStatus                          0x08003373   Thumb Code    34  stm32f10x_tim.o(i.TIM_GetITStatus)
    TIM_ITConfig                             0x08003395   Thumb Code    18  stm32f10x_tim.o(i.TIM_ITConfig)
    TIM_TimeBaseInit                         0x080033a9   Thumb Code   122  stm32f10x_tim.o(i.TIM_TimeBaseInit)
    USART1_IRQHandler                        0x0800344d   Thumb Code    94  esp8266.o(i.USART1_IRQHandler)
    USART_ClearITPendingBit                  0x080034c1   Thumb Code    30  stm32f10x_usart.o(i.USART_ClearITPendingBit)
    USART_Cmd                                0x080034df   Thumb Code    24  stm32f10x_usart.o(i.USART_Cmd)
    USART_GetFlagStatus                      0x080034f7   Thumb Code    26  stm32f10x_usart.o(i.USART_GetFlagStatus)
    USART_GetITStatus                        0x08003511   Thumb Code    84  stm32f10x_usart.o(i.USART_GetITStatus)
    USART_ITConfig                           0x08003565   Thumb Code    74  stm32f10x_usart.o(i.USART_ITConfig)
    USART_Init                               0x080035b1   Thumb Code   210  stm32f10x_usart.o(i.USART_Init)
    USART_ReceiveData                        0x08003689   Thumb Code    10  stm32f10x_usart.o(i.USART_ReceiveData)
    USART_SendData                           0x08003693   Thumb Code     8  stm32f10x_usart.o(i.USART_SendData)
    UpdateDisplay                            0x0800369d   Thumb Code   208  main_onenet.o(i.UpdateDisplay)
    UsageFault_Handler                       0x080037d5   Thumb Code     4  stm32f10x_it.o(i.UsageFault_Handler)
    _is_digit                                0x080037d9   Thumb Code    14  __printf_wp.o(i._is_digit)
    main                                     0x080037e9   Thumb Code   300  main_onenet.o(i.main)
    _get_lc_ctype                            0x08003925   Thumb Code    44  lc_ctype_c.o(locale$$code)
    __aeabi_d2f                              0x08003951   Thumb Code     0  d2f.o(x$fpl$d2f)
    _d2f                                     0x08003951   Thumb Code    98  d2f.o(x$fpl$d2f)
    __aeabi_ddiv                             0x080039b5   Thumb Code     0  ddiv.o(x$fpl$ddiv)
    _ddiv                                    0x080039b5   Thumb Code   552  ddiv.o(x$fpl$ddiv)
    __fpl_dnaninf                            0x08003c65   Thumb Code   156  dnaninf.o(x$fpl$dnaninf)
    __fpl_dretinf                            0x08003d01   Thumb Code    12  dretinf.o(x$fpl$dretinf)
    __aeabi_f2d                              0x08003d0d   Thumb Code     0  f2d.o(x$fpl$f2d)
    _f2d                                     0x08003d0d   Thumb Code    86  f2d.o(x$fpl$f2d)
    __aeabi_f2uiz                            0x08003d65   Thumb Code     0  ffixu.o(x$fpl$ffixu)
    _ffixu                                   0x08003d65   Thumb Code    62  ffixu.o(x$fpl$ffixu)
    __aeabi_ui2f                             0x08003da5   Thumb Code     0  fflt_clz.o(x$fpl$ffltu)
    _ffltu                                   0x08003da5   Thumb Code    38  fflt_clz.o(x$fpl$ffltu)
    __fpl_fnaninf                            0x08003dcb   Thumb Code   140  fnaninf.o(x$fpl$fnaninf)
    __fpl_fretinf                            0x08003e57   Thumb Code    10  fretinf.o(x$fpl$fretinf)
    OLED_F8x16                               0x08003e60   Data        1520  oled.o(.constdata)
    __I$use$fp                               0x08003e60   Number         0  usenofp.o(x$fpl$usenofp)
    Region$$Table$$Base                      0x080045a8   Number         0  anon$$obj.o(Region$$Table)
    Region$$Table$$Limit                     0x080045c8   Number         0  anon$$obj.o(Region$$Table)
    __ctype                                  0x080045d5   Data           0  lc_ctype_c.o(locale$$data)
    esp8266_rx_index                         0x20000014   Data           2  esp8266.o(.data)
    esp8266_cnt                              0x20000016   Data           2  esp8266.o(.data)
    esp8266_cntPre                           0x20000018   Data           2  esp8266.o(.data)
    timer_1s_flag                            0x2000001c   Data           1  timer.o(.data)
    reconnect_timer                          0x20000020   Data           4  timer.o(.data)
    sensor_data                              0x20000028   Data           8  main_onenet.o(.data)
    last_upload_data                         0x20000030   Data           8  main_onenet.o(.data)
    auto_control_enabled                     0x20000038   Data           1  main_onenet.o(.data)
    data_changed                             0x20000039   Data           1  main_onenet.o(.data)
    system_tick                              0x2000003c   Data           4  main_onenet.o(.data)
    last_upload_time                         0x20000040   Data           4  main_onenet.o(.data)
    sensor_temp                              0x2000004c   Data           1  onenet.o(.data)
    sensor_humi                              0x2000004d   Data           1  onenet.o(.data)
    sensor_light                             0x2000004e   Data           2  onenet.o(.data)
    sensor_smoke                             0x20000050   Data           2  onenet.o(.data)
    control_fan                              0x20000052   Data           1  onenet.o(.data)
    control_valve                            0x20000053   Data           1  onenet.o(.data)
    control_alarm                            0x20000054   Data           1  onenet.o(.data)
    esp8266_rx_buf                           0x20000058   Data         512  esp8266.o(.bss)
    esp8266_buf                              0x20000258   Data         256  esp8266.o(.bss)
    sys_status                               0x20000358   Data          16  main_onenet.o(.bss)
    conn_ctrl                                0x20000368   Data          12  main_onenet.o(.bss)
    __libspace_start                         0x20000374   Data          96  libspace.o(.bss)
    __temporary_stack_top$libspace           0x200003d4   Data           0  libspace.o(.bss)



==============================================================================

Memory Map of the image

  Image Entry point : 0x080000ed

  Load Region LR_IROM1 (Base: 0x08000000, Size: 0x00004730, Max: 0x00010000, ABSOLUTE)

    Execution Region ER_IROM1 (Exec base: 0x08000000, Load base: 0x08000000, Size: 0x000046d8, Max: 0x00010000, ABSOLUTE)

    Exec Addr    Load Addr    Size         Type   Attr      Idx    E Section Name        Object

    0x08000000   0x08000000   0x000000ec   Data   RO            3    RESET               startup_stm32f10x_md.o
    0x080000ec   0x080000ec   0x00000008   Code   RO         4283  * !!!main             c_w.l(__main.o)
    0x080000f4   0x080000f4   0x00000034   Code   RO         4554    !!!scatter          c_w.l(__scatter.o)
    0x08000128   0x08000128   0x0000001a   Code   RO         4556    !!handler_copy      c_w.l(__scatter_copy.o)
    0x08000142   0x08000142   0x00000002   PAD
    0x08000144   0x08000144   0x0000001c   Code   RO         4558    !!handler_zi        c_w.l(__scatter_zi.o)
    0x08000160   0x08000160   0x00000000   Code   RO         4257    .ARM.Collect$$_printf_percent$$00000000  c_w.l(_printf_percent.o)
    0x08000160   0x08000160   0x00000006   Code   RO         4254    .ARM.Collect$$_printf_percent$$00000008  c_w.l(_printf_i.o)
    0x08000166   0x08000166   0x00000006   Code   RO         4255    .ARM.Collect$$_printf_percent$$00000009  c_w.l(_printf_d.o)
    0x0800016c   0x0800016c   0x00000006   Code   RO         4256    .ARM.Collect$$_printf_percent$$0000000A  c_w.l(_printf_u.o)
    0x08000172   0x08000172   0x00000006   Code   RO         4253    .ARM.Collect$$_printf_percent$$0000000B  c_w.l(_printf_o.o)
    0x08000178   0x08000178   0x00000006   Code   RO         4252    .ARM.Collect$$_printf_percent$$0000000C  c_w.l(_printf_x.o)
    0x0800017e   0x0800017e   0x0000000a   Code   RO         4347    .ARM.Collect$$_printf_percent$$00000012  c_w.l(_printf_l.o)
    0x08000188   0x08000188   0x00000006   Code   RO         4250    .ARM.Collect$$_printf_percent$$00000013  c_w.l(_printf_c.o)
    0x0800018e   0x0800018e   0x00000006   Code   RO         4251    .ARM.Collect$$_printf_percent$$00000014  c_w.l(_printf_s.o)
    0x08000194   0x08000194   0x00000006   Code   RO         4258    .ARM.Collect$$_printf_percent$$00000015  c_w.l(_printf_lc.o)
    0x0800019a   0x0800019a   0x00000004   Code   RO         4346    .ARM.Collect$$_printf_percent$$00000017  c_w.l(_printf_percent_end.o)
    0x0800019e   0x0800019e   0x00000002   Code   RO         4489    .ARM.Collect$$libinit$$00000000  c_w.l(libinit.o)
    0x080001a0   0x080001a0   0x00000000   Code   RO         4357    .ARM.Collect$$libinit$$00000002  c_w.l(libinit2.o)
    0x080001a0   0x080001a0   0x00000000   Code   RO         4359    .ARM.Collect$$libinit$$00000004  c_w.l(libinit2.o)
    0x080001a0   0x080001a0   0x00000008   Code   RO         4360    .ARM.Collect$$libinit$$00000005  c_w.l(libinit2.o)
    0x080001a8   0x080001a8   0x00000000   Code   RO         4362    .ARM.Collect$$libinit$$0000000A  c_w.l(libinit2.o)
    0x080001a8   0x080001a8   0x00000000   Code   RO         4364    .ARM.Collect$$libinit$$0000000C  c_w.l(libinit2.o)
    0x080001a8   0x080001a8   0x00000000   Code   RO         4366    .ARM.Collect$$libinit$$0000000E  c_w.l(libinit2.o)
    0x080001a8   0x080001a8   0x00000006   Code   RO         4367    .ARM.Collect$$libinit$$0000000F  c_w.l(libinit2.o)
    0x080001ae   0x080001ae   0x00000000   Code   RO         4369    .ARM.Collect$$libinit$$00000011  c_w.l(libinit2.o)
    0x080001ae   0x080001ae   0x0000000c   Code   RO         4370    .ARM.Collect$$libinit$$00000012  c_w.l(libinit2.o)
    0x080001ba   0x080001ba   0x00000000   Code   RO         4371    .ARM.Collect$$libinit$$00000013  c_w.l(libinit2.o)
    0x080001ba   0x080001ba   0x00000000   Code   RO         4373    .ARM.Collect$$libinit$$00000015  c_w.l(libinit2.o)
    0x080001ba   0x080001ba   0x00000000   Code   RO         4375    .ARM.Collect$$libinit$$00000017  c_w.l(libinit2.o)
    0x080001ba   0x080001ba   0x00000000   Code   RO         4377    .ARM.Collect$$libinit$$00000019  c_w.l(libinit2.o)
    0x080001ba   0x080001ba   0x00000000   Code   RO         4379    .ARM.Collect$$libinit$$0000001B  c_w.l(libinit2.o)
    0x080001ba   0x080001ba   0x00000000   Code   RO         4381    .ARM.Collect$$libinit$$0000001D  c_w.l(libinit2.o)
    0x080001ba   0x080001ba   0x00000000   Code   RO         4383    .ARM.Collect$$libinit$$0000001F  c_w.l(libinit2.o)
    0x080001ba   0x080001ba   0x00000000   Code   RO         4385    .ARM.Collect$$libinit$$00000021  c_w.l(libinit2.o)
    0x080001ba   0x080001ba   0x00000000   Code   RO         4387    .ARM.Collect$$libinit$$00000023  c_w.l(libinit2.o)
    0x080001ba   0x080001ba   0x00000000   Code   RO         4389    .ARM.Collect$$libinit$$00000025  c_w.l(libinit2.o)
    0x080001ba   0x080001ba   0x00000000   Code   RO         4393    .ARM.Collect$$libinit$$0000002C  c_w.l(libinit2.o)
    0x080001ba   0x080001ba   0x00000000   Code   RO         4395    .ARM.Collect$$libinit$$0000002E  c_w.l(libinit2.o)
    0x080001ba   0x080001ba   0x00000000   Code   RO         4397    .ARM.Collect$$libinit$$00000030  c_w.l(libinit2.o)
    0x080001ba   0x080001ba   0x00000000   Code   RO         4399    .ARM.Collect$$libinit$$00000032  c_w.l(libinit2.o)
    0x080001ba   0x080001ba   0x00000002   Code   RO         4400    .ARM.Collect$$libinit$$00000033  c_w.l(libinit2.o)
    0x080001bc   0x080001bc   0x00000002   Code   RO         4551    .ARM.Collect$$libshutdown$$00000000  c_w.l(libshutdown.o)
    0x080001be   0x080001be   0x00000000   Code   RO         4505    .ARM.Collect$$libshutdown$$00000002  c_w.l(libshutdown2.o)
    0x080001be   0x080001be   0x00000000   Code   RO         4507    .ARM.Collect$$libshutdown$$00000004  c_w.l(libshutdown2.o)
    0x080001be   0x080001be   0x00000000   Code   RO         4509    .ARM.Collect$$libshutdown$$00000006  c_w.l(libshutdown2.o)
    0x080001be   0x080001be   0x00000000   Code   RO         4512    .ARM.Collect$$libshutdown$$00000009  c_w.l(libshutdown2.o)
    0x080001be   0x080001be   0x00000000   Code   RO         4515    .ARM.Collect$$libshutdown$$0000000C  c_w.l(libshutdown2.o)
    0x080001be   0x080001be   0x00000000   Code   RO         4517    .ARM.Collect$$libshutdown$$0000000E  c_w.l(libshutdown2.o)
    0x080001be   0x080001be   0x00000000   Code   RO         4520    .ARM.Collect$$libshutdown$$00000011  c_w.l(libshutdown2.o)
    0x080001be   0x080001be   0x00000002   Code   RO         4521    .ARM.Collect$$libshutdown$$00000012  c_w.l(libshutdown2.o)
    0x080001c0   0x080001c0   0x00000000   Code   RO         4305    .ARM.Collect$$rtentry$$00000000  c_w.l(__rtentry.o)
    0x080001c0   0x080001c0   0x00000000   Code   RO         4416    .ARM.Collect$$rtentry$$00000002  c_w.l(__rtentry2.o)
    0x080001c0   0x080001c0   0x00000006   Code   RO         4428    .ARM.Collect$$rtentry$$00000004  c_w.l(__rtentry4.o)
    0x080001c6   0x080001c6   0x00000000   Code   RO         4418    .ARM.Collect$$rtentry$$00000009  c_w.l(__rtentry2.o)
    0x080001c6   0x080001c6   0x00000004   Code   RO         4419    .ARM.Collect$$rtentry$$0000000A  c_w.l(__rtentry2.o)
    0x080001ca   0x080001ca   0x00000000   Code   RO         4421    .ARM.Collect$$rtentry$$0000000C  c_w.l(__rtentry2.o)
    0x080001ca   0x080001ca   0x00000008   Code   RO         4422    .ARM.Collect$$rtentry$$0000000D  c_w.l(__rtentry2.o)
    0x080001d2   0x080001d2   0x00000002   Code   RO         4492    .ARM.Collect$$rtexit$$00000000  c_w.l(rtexit.o)
    0x080001d4   0x080001d4   0x00000000   Code   RO         4525    .ARM.Collect$$rtexit$$00000002  c_w.l(rtexit2.o)
    0x080001d4   0x080001d4   0x00000004   Code   RO         4526    .ARM.Collect$$rtexit$$00000003  c_w.l(rtexit2.o)
    0x080001d8   0x080001d8   0x00000006   Code   RO         4527    .ARM.Collect$$rtexit$$00000004  c_w.l(rtexit2.o)
    0x080001de   0x080001de   0x00000002   PAD
    0x080001e0   0x080001e0   0x00000000   Code   RO         4434    .emb_text           c_w.l(maybetermalloc1.o)
    0x080001e0   0x080001e0   0x00000040   Code   RO            4    .text               startup_stm32f10x_md.o
    0x08000220   0x08000220   0x0000005e   Code   RO         4128    .text               c_w.l(h1_alloc.o)
    0x0800027e   0x0800027e   0x0000004e   Code   RO         4130    .text               c_w.l(h1_free.o)
    0x080002cc   0x080002cc   0x00000028   Code   RO         4188    .text               c_w.l(noretval__2sprintf.o)
    0x080002f4   0x080002f4   0x0000004e   Code   RO         4192    .text               c_w.l(_printf_pad.o)
    0x08000342   0x08000342   0x00000024   Code   RO         4194    .text               c_w.l(_printf_truncate.o)
    0x08000366   0x08000366   0x00000052   Code   RO         4196    .text               c_w.l(_printf_str.o)
    0x080003b8   0x080003b8   0x00000078   Code   RO         4198    .text               c_w.l(_printf_dec.o)
    0x08000430   0x08000430   0x000000bc   Code   RO         4200    .text               c_w.l(_printf_wctomb.o)
    0x080004ec   0x080004ec   0x00000050   Code   RO         4205    .text               c_w.l(_printf_oct_int.o)
    0x0800053c   0x0800053c   0x00000058   Code   RO         4212    .text               c_w.l(_printf_hex_int.o)
    0x08000594   0x08000594   0x00000188   Code   RO         4247    .text               c_w.l(__printf_flags_ss_wp.o)
    0x0800071c   0x0800071c   0x0000001a   Code   RO         4259    .text               c_w.l(atoi.o)
    0x08000736   0x08000736   0x00000014   Code   RO         4261    .text               c_w.l(strchr.o)
    0x0800074a   0x0800074a   0x00000024   Code   RO         4263    .text               c_w.l(strncat.o)
    0x0800076e   0x0800076e   0x00000024   Code   RO         4265    .text               c_w.l(strstr.o)
    0x08000792   0x08000792   0x0000003e   Code   RO         4267    .text               c_w.l(strlen.o)
    0x080007d0   0x080007d0   0x0000008a   Code   RO         4269    .text               c_w.l(rt_memcpy_v6.o)
    0x0800085a   0x0800085a   0x00000064   Code   RO         4273    .text               c_w.l(rt_memcpy_w.o)
    0x080008be   0x080008be   0x00000044   Code   RO         4275    .text               c_w.l(rt_memclr.o)
    0x08000902   0x08000902   0x0000004e   Code   RO         4277    .text               c_w.l(rt_memclr_w.o)
    0x08000950   0x08000950   0x00000006   Code   RO         4281    .text               c_w.l(heapauxi.o)
    0x08000956   0x08000956   0x00000002   PAD
    0x08000958   0x08000958   0x00000008   Code   RO         4309    .text               c_w.l(rt_heap_descriptor_intlibspace.o)
    0x08000960   0x08000960   0x00000008   Code   RO         4314    .text               c_w.l(rt_errno_addr_intlibspace.o)
    0x08000968   0x08000968   0x00000004   Code   RO         4316    .text               c_w.l(hguard.o)
    0x0800096c   0x0800096c   0x0000008a   Code   RO         4318    .text               c_w.l(init_alloc.o)
    0x080009f6   0x080009f6   0x0000000e   Code   RO         4322    .text               c_w.l(h1_init.o)
    0x08000a04   0x08000a04   0x000000b2   Code   RO         4336    .text               c_w.l(_printf_intcommon.o)
    0x08000ab6   0x08000ab6   0x00000002   PAD
    0x08000ab8   0x08000ab8   0x00000030   Code   RO         4338    .text               c_w.l(_printf_char_common.o)
    0x08000ae8   0x08000ae8   0x0000000a   Code   RO         4340    .text               c_w.l(_sputc.o)
    0x08000af2   0x08000af2   0x0000002c   Code   RO         4342    .text               c_w.l(_printf_char.o)
    0x08000b1e   0x08000b1e   0x0000002c   Code   RO         4344    .text               c_w.l(_printf_wchar.o)
    0x08000b4a   0x08000b4a   0x00000070   Code   RO         4348    .text               c_w.l(strtol.o)
    0x08000bba   0x08000bba   0x00000040   Code   RO         4350    .text               c_w.l(_wcrtomb.o)
    0x08000bfa   0x08000bfa   0x00000002   PAD
    0x08000bfc   0x08000bfc   0x00000008   Code   RO         4412    .text               c_w.l(libspace.o)
    0x08000c04   0x08000c04   0x00000010   Code   RO         4430    .text               c_w.l(rt_ctype_table.o)
    0x08000c14   0x08000c14   0x00000034   Code   RO         4436    .text               c_w.l(h1_extend.o)
    0x08000c48   0x08000c48   0x0000009e   Code   RO         4442    .text               c_w.l(_strtoul.o)
    0x08000ce6   0x08000ce6   0x0000000e   Code   RO         4444    .text               c_w.l(defsig_rtmem_outer.o)
    0x08000cf4   0x08000cf4   0x00000002   Code   RO         4455    .text               c_w.l(use_no_semi.o)
    0x08000cf6   0x08000cf6   0x00000000   Code   RO         4457    .text               c_w.l(indicate_semi.o)
    0x08000cf6   0x08000cf6   0x0000004a   Code   RO         4458    .text               c_w.l(sys_stackheap_outer.o)
    0x08000d40   0x08000d40   0x00000008   Code   RO         4465    .text               c_w.l(rt_locale_intlibspace.o)
    0x08000d48   0x08000d48   0x0000001c   Code   RO         4469    .text               c_w.l(_chval.o)
    0x08000d64   0x08000d64   0x00000012   Code   RO         4474    .text               c_w.l(exit.o)
    0x08000d76   0x08000d76   0x0000000a   Code   RO         4476    .text               c_w.l(defsig_exit.o)
    0x08000d80   0x08000d80   0x00000050   Code   RO         4478    .text               c_w.l(defsig_rtmem_inner.o)
    0x08000dd0   0x08000dd0   0x0000000c   Code   RO         4490    .text               c_w.l(sys_exit.o)
    0x08000ddc   0x08000ddc   0x00000032   Code   RO         4500    .text               c_w.l(defsig_general.o)
    0x08000e0e   0x08000e0e   0x00000002   PAD
    0x08000e10   0x08000e10   0x00000080   Code   RO         4502    .text               c_w.l(strcmpv7m.o)
    0x08000e90   0x08000e90   0x0000000e   Code   RO         4522    .text               c_w.l(sys_wrch.o)
    0x08000e9e   0x08000e9e   0x00000016   Code   RO          202    i.ADC_Cmd           stm32f10x_adc.o
    0x08000eb4   0x08000eb4   0x0000005c   Code   RO          204    i.ADC_DeInit        stm32f10x_adc.o
    0x08000f10   0x08000f10   0x00000014   Code   RO          210    i.ADC_GetCalibrationStatus  stm32f10x_adc.o
    0x08000f24   0x08000f24   0x00000008   Code   RO          211    i.ADC_GetConversionValue  stm32f10x_adc.o
    0x08000f2c   0x08000f2c   0x00000012   Code   RO          213    i.ADC_GetFlagStatus  stm32f10x_adc.o
    0x08000f3e   0x08000f3e   0x00000014   Code   RO          216    i.ADC_GetResetCalibrationStatus  stm32f10x_adc.o
    0x08000f52   0x08000f52   0x00000002   PAD
    0x08000f54   0x08000f54   0x00000050   Code   RO          220    i.ADC_Init          stm32f10x_adc.o
    0x08000fa4   0x08000fa4   0x000000b8   Code   RO          224    i.ADC_RegularChannelConfig  stm32f10x_adc.o
    0x0800105c   0x0800105c   0x0000000a   Code   RO          225    i.ADC_ResetCalibration  stm32f10x_adc.o
    0x08001066   0x08001066   0x00000016   Code   RO          227    i.ADC_SoftwareStartConvCmd  stm32f10x_adc.o
    0x0800107c   0x0800107c   0x0000000a   Code   RO          229    i.ADC_StartCalibration  stm32f10x_adc.o
    0x08001086   0x08001086   0x00000002   PAD
    0x08001088   0x08001088   0x00000074   Code   RO         3491    i.BH1750_I2C_Init   bh1750.o
    0x080010fc   0x080010fc   0x0000001e   Code   RO         3492    i.BH1750_Init       bh1750.o
    0x0800111a   0x0800111a   0x0000000a   Code   RO         3494    i.BH1750_PowerOn    bh1750.o
    0x08001124   0x08001124   0x00000090   Code   RO         3495    i.BH1750_ReadBytes  bh1750.o
    0x080011b4   0x080011b4   0x00000040   Code   RO         3496    i.BH1750_ReadLightIntensity  bh1750.o
    0x080011f4   0x080011f4   0x0000000c   Code   RO         3498    i.BH1750_SetMode    bh1750.o
    0x08001200   0x08001200   0x00000070   Code   RO         3499    i.BH1750_WriteByte  bh1750.o
    0x08001270   0x08001270   0x000001f0   Code   RO         3859    i.BackgroundConnect  main_onenet.o
    0x08001460   0x08001460   0x00000004   Code   RO         3784    i.BusFault_Handler  stm32f10x_it.o
    0x08001464   0x08001464   0x000000b0   Code   RO         3860    i.CheckWiFiStatus   main_onenet.o
    0x08001514   0x08001514   0x00000012   Code   RO         3861    i.ConnectToOneNET   main_onenet.o
    0x08001526   0x08001526   0x00000002   PAD
    0x08001528   0x08001528   0x0000002c   Code   RO         3316    i.DHT11_GPIO_IN     dht11.o
    0x08001554   0x08001554   0x0000002c   Code   RO         3317    i.DHT11_GPIO_OUT    dht11.o
    0x08001580   0x08001580   0x0000007c   Code   RO         3318    i.DHT11_ReadByte    dht11.o
    0x080015fc   0x080015fc   0x000000d0   Code   RO         3319    i.DHT11_ReadData    dht11.o
    0x080016cc   0x080016cc   0x00000002   Code   RO         3785    i.DebugMon_Handler  stm32f10x_it.o
    0x080016ce   0x080016ce   0x00000018   Code   RO         3196    i.Delay_ms          delay.o
    0x080016e6   0x080016e6   0x0000002e   Code   RO         3198    i.Delay_us          delay.o
    0x08001714   0x08001714   0x00000024   Code   RO         3576    i.ESP8266_Clear     esp8266.o
    0x08001738   0x08001738   0x0000001c   Code   RO         3577    i.ESP8266_ClearBuffer  esp8266.o
    0x08001754   0x08001754   0x00000020   Code   RO         3578    i.ESP8266_CloseTCP  esp8266.o
    0x08001774   0x08001774   0x000000ec   Code   RO         3579    i.ESP8266_ConnectWiFi  esp8266.o
    0x08001860   0x08001860   0x00000050   Code   RO         3581    i.ESP8266_GetIPD    esp8266.o
    0x080018b0   0x080018b0   0x000000c0   Code   RO         3582    i.ESP8266_Init      esp8266.o
    0x08001970   0x08001970   0x00000054   Code   RO         3585    i.ESP8266_Reset     esp8266.o
    0x080019c4   0x080019c4   0x00000034   Code   RO         3586    i.ESP8266_SendAT    esp8266.o
    0x080019f8   0x080019f8   0x00000020   Code   RO         3587    i.ESP8266_SendChar  esp8266.o
    0x08001a18   0x08001a18   0x00000054   Code   RO         3588    i.ESP8266_SendCmd   esp8266.o
    0x08001a6c   0x08001a6c   0x0000004c   Code   RO         3589    i.ESP8266_SendData  esp8266.o
    0x08001ab8   0x08001ab8   0x00000084   Code   RO         3590    i.ESP8266_SendDataCheck  esp8266.o
    0x08001b3c   0x08001b3c   0x00000016   Code   RO         3593    i.ESP8266_SendString  esp8266.o
    0x08001b52   0x08001b52   0x00000002   PAD
    0x08001b54   0x08001b54   0x00000034   Code   RO         3594    i.ESP8266_SetMode   esp8266.o
    0x08001b88   0x08001b88   0x00000068   Code   RO         3597    i.ESP8266_StartTCP  esp8266.o
    0x08001bf0   0x08001bf0   0x00000018   Code   RO         3598    i.ESP8266_Test      esp8266.o
    0x08001c08   0x08001c08   0x00000034   Code   RO         3599    i.ESP8266_WaitRecive  esp8266.o
    0x08001c3c   0x08001c3c   0x0000002c   Code   RO         3600    i.ESP8266_WaitResponse  esp8266.o
    0x08001c68   0x08001c68   0x00000116   Code   RO         1347    i.GPIO_Init         stm32f10x_gpio.o
    0x08001d7e   0x08001d7e   0x00000012   Code   RO         1351    i.GPIO_ReadInputDataBit  stm32f10x_gpio.o
    0x08001d90   0x08001d90   0x00000004   Code   RO         1354    i.GPIO_ResetBits    stm32f10x_gpio.o
    0x08001d94   0x08001d94   0x00000004   Code   RO         1355    i.GPIO_SetBits      stm32f10x_gpio.o
    0x08001d98   0x08001d98   0x0000000a   Code   RO         1358    i.GPIO_WriteBit     stm32f10x_gpio.o
    0x08001da2   0x08001da2   0x00000002   PAD
    0x08001da4   0x08001da4   0x00000020   Code   RO         3760    i.GetReconnectFlag  timer.o
    0x08001dc4   0x08001dc4   0x00000004   Code   RO         3786    i.HardFault_Handler  stm32f10x_it.o
    0x08001dc8   0x08001dc8   0x00000018   Code   RO         1459    i.I2C_AcknowledgeConfig  stm32f10x_i2c.o
    0x08001de0   0x08001de0   0x0000002a   Code   RO         1461    i.I2C_CheckEvent    stm32f10x_i2c.o
    0x08001e0a   0x08001e0a   0x00000018   Code   RO         1464    i.I2C_Cmd           stm32f10x_i2c.o
    0x08001e22   0x08001e22   0x00000018   Code   RO         1471    i.I2C_GenerateSTART  stm32f10x_i2c.o
    0x08001e3a   0x08001e3a   0x00000018   Code   RO         1472    i.I2C_GenerateSTOP  stm32f10x_i2c.o
    0x08001e52   0x08001e52   0x0000003a   Code   RO         1473    i.I2C_GetFlagStatus  stm32f10x_i2c.o
    0x08001e8c   0x08001e8c   0x000000ec   Code   RO         1478    i.I2C_Init          stm32f10x_i2c.o
    0x08001f78   0x08001f78   0x00000008   Code   RO         1483    i.I2C_ReceiveData   stm32f10x_i2c.o
    0x08001f80   0x08001f80   0x00000012   Code   RO         1485    i.I2C_Send7bitAddress  stm32f10x_i2c.o
    0x08001f92   0x08001f92   0x00000004   Code   RO         1486    i.I2C_SendData      stm32f10x_i2c.o
    0x08001f96   0x08001f96   0x00000002   PAD
    0x08001f98   0x08001f98   0x00000010   Code   RO         1665    i.IWDG_Enable       stm32f10x_iwdg.o
    0x08001fa8   0x08001fa8   0x00000010   Code   RO         1667    i.IWDG_ReloadCounter  stm32f10x_iwdg.o
    0x08001fb8   0x08001fb8   0x0000000c   Code   RO         1668    i.IWDG_SetPrescaler  stm32f10x_iwdg.o
    0x08001fc4   0x08001fc4   0x0000000c   Code   RO         1669    i.IWDG_SetReload    stm32f10x_iwdg.o
    0x08001fd0   0x08001fd0   0x0000000c   Code   RO         1670    i.IWDG_WriteAccessCmd  stm32f10x_iwdg.o
    0x08001fdc   0x08001fdc   0x00000084   Code   RO         3554    i.MQ2_Init          mq2.o
    0x08002060   0x08002060   0x00000030   Code   RO         3555    i.MQ2_Read          mq2.o
    0x08002090   0x08002090   0x0000001c   Code   RO         4038    i.MQTT_DeleteBuffer  mqttkit.o
    0x080020ac   0x080020ac   0x0000002e   Code   RO         4039    i.MQTT_DumpLength   mqttkit.o
    0x080020da   0x080020da   0x00000058   Code   RO         4040    i.MQTT_NewBuffer    mqttkit.o
    0x08002132   0x08002132   0x00000002   PAD
    0x08002134   0x08002134   0x0000008c   Code   RO         4041    i.MQTT_PacketCmdResp  mqttkit.o
    0x080021c0   0x080021c0   0x000002b4   Code   RO         4042    i.MQTT_PacketConnect  mqttkit.o
    0x08002474   0x08002474   0x00000130   Code   RO         4043    i.MQTT_PacketPublish  mqttkit.o
    0x080025a4   0x080025a4   0x0000005c   Code   RO         4044    i.MQTT_PacketSaveData  mqttkit.o
    0x08002600   0x08002600   0x00000046   Code   RO         4045    i.MQTT_ReadLength   mqttkit.o
    0x08002646   0x08002646   0x0000008c   Code   RO         4046    i.MQTT_UnPacketCmd  mqttkit.o
    0x080026d2   0x080026d2   0x0000001e   Code   RO         4047    i.MQTT_UnPacketConnectAck  mqttkit.o
    0x080026f0   0x080026f0   0x00000074   Code   RO         4050    i.MQTT_UnPacketRecv  mqttkit.o
    0x08002764   0x08002764   0x00000004   Code   RO         3787    i.MemManage_Handler  stm32f10x_it.o
    0x08002768   0x08002768   0x00000058   Code   RO         3969    i.MqttOnenet_Savedata  onenet.o
    0x080027c0   0x080027c0   0x00000002   Code   RO         3788    i.NMI_Handler       stm32f10x_it.o
    0x080027c2   0x080027c2   0x00000002   PAD
    0x080027c4   0x080027c4   0x00000070   Code   RO          137    i.NVIC_Init         misc.o
    0x08002834   0x08002834   0x0000002a   Code   RO         3352    i.OLED_Clear        oled.o
    0x0800285e   0x0800285e   0x00000002   PAD
    0x08002860   0x08002860   0x00000050   Code   RO         3353    i.OLED_I2C_Init     oled.o
    0x080028b0   0x080028b0   0x00000054   Code   RO         3354    i.OLED_I2C_SendByte  oled.o
    0x08002904   0x08002904   0x00000034   Code   RO         3355    i.OLED_I2C_Start    oled.o
    0x08002938   0x08002938   0x00000028   Code   RO         3356    i.OLED_I2C_Stop     oled.o
    0x08002960   0x08002960   0x000000ae   Code   RO         3357    i.OLED_Init         oled.o
    0x08002a0e   0x08002a0e   0x00000022   Code   RO         3359    i.OLED_SetCursor    oled.o
    0x08002a30   0x08002a30   0x00000074   Code   RO         3361    i.OLED_ShowChar     oled.o
    0x08002aa4   0x08002aa4   0x00000028   Code   RO         3365    i.OLED_ShowString   oled.o
    0x08002acc   0x08002acc   0x00000020   Code   RO         3366    i.OLED_WriteCommand  oled.o
    0x08002aec   0x08002aec   0x00000020   Code   RO         3367    i.OLED_WriteData    oled.o
    0x08002b0c   0x08002b0c   0x000000cc   Code   RO         3970    i.OneNet_DevLink    onenet.o
    0x08002bd8   0x08002bd8   0x00000028   Code   RO         3971    i.OneNet_GetControl  onenet.o
    0x08002c00   0x08002c00   0x000000c4   Code   RO         3972    i.OneNet_RevPro     onenet.o
    0x08002cc4   0x08002cc4   0x00000070   Code   RO         3973    i.OneNet_SendData   onenet.o
    0x08002d34   0x08002d34   0x0000001c   Code   RO         3974    i.OneNet_SetControl  onenet.o
    0x08002d50   0x08002d50   0x00000002   Code   RO         3789    i.PendSV_Handler    stm32f10x_it.o
    0x08002d52   0x08002d52   0x00000002   PAD
    0x08002d54   0x08002d54   0x00000020   Code   RO         1775    i.RCC_APB1PeriphClockCmd  stm32f10x_rcc.o
    0x08002d74   0x08002d74   0x00000020   Code   RO         1777    i.RCC_APB2PeriphClockCmd  stm32f10x_rcc.o
    0x08002d94   0x08002d94   0x00000020   Code   RO         1778    i.RCC_APB2PeriphResetCmd  stm32f10x_rcc.o
    0x08002db4   0x08002db4   0x000000d4   Code   RO         1785    i.RCC_GetClocksFreq  stm32f10x_rcc.o
    0x08002e88   0x08002e88   0x0000011c   Code   RO         3863    i.ReadSensors       main_onenet.o
    0x08002fa4   0x08002fa4   0x00000002   Code   RO         3790    i.SVC_Handler       stm32f10x_it.o
    0x08002fa6   0x08002fa6   0x00000002   PAD
    0x08002fa8   0x08002fa8   0x000000e4   Code   RO         3864    i.SendToCloud       main_onenet.o
    0x0800308c   0x0800308c   0x00000008   Code   RO           24    i.SetSysClock       system_stm32f10x.o
    0x08003094   0x08003094   0x000000e0   Code   RO           25    i.SetSysClockTo72   system_stm32f10x.o
    0x08003174   0x08003174   0x0000006c   Code   RO         3865    i.ShowStartupScreen  main_onenet.o
    0x080031e0   0x080031e0   0x00000002   Code   RO         3791    i.SysTick_Handler   stm32f10x_it.o
    0x080031e2   0x080031e2   0x00000002   PAD
    0x080031e4   0x080031e4   0x00000060   Code   RO           27    i.SystemInit        system_stm32f10x.o
    0x08003244   0x08003244   0x00000064   Code   RO         3866    i.System_Init       main_onenet.o
    0x080032a8   0x080032a8   0x00000050   Code   RO         3792    i.TIM3_IRQHandler   stm32f10x_it.o
    0x080032f8   0x080032f8   0x0000005c   Code   RO         3761    i.TIM3_Init         timer.o
    0x08003354   0x08003354   0x00000006   Code   RO         2416    i.TIM_ClearITPendingBit  stm32f10x_tim.o
    0x0800335a   0x0800335a   0x00000018   Code   RO         2421    i.TIM_Cmd           stm32f10x_tim.o
    0x08003372   0x08003372   0x00000022   Code   RO         2442    i.TIM_GetITStatus   stm32f10x_tim.o
    0x08003394   0x08003394   0x00000012   Code   RO         2446    i.TIM_ITConfig      stm32f10x_tim.o
    0x080033a6   0x080033a6   0x00000002   PAD
    0x080033a8   0x080033a8   0x000000a4   Code   RO         2492    i.TIM_TimeBaseInit  stm32f10x_tim.o
    0x0800344c   0x0800344c   0x00000074   Code   RO         3601    i.USART1_IRQHandler  esp8266.o
    0x080034c0   0x080034c0   0x0000001e   Code   RO         2957    i.USART_ClearITPendingBit  stm32f10x_usart.o
    0x080034de   0x080034de   0x00000018   Code   RO         2960    i.USART_Cmd         stm32f10x_usart.o
    0x080034f6   0x080034f6   0x0000001a   Code   RO         2963    i.USART_GetFlagStatus  stm32f10x_usart.o
    0x08003510   0x08003510   0x00000054   Code   RO         2964    i.USART_GetITStatus  stm32f10x_usart.o
    0x08003564   0x08003564   0x0000004a   Code   RO         2966    i.USART_ITConfig    stm32f10x_usart.o
    0x080035ae   0x080035ae   0x00000002   PAD
    0x080035b0   0x080035b0   0x000000d8   Code   RO         2967    i.USART_Init        stm32f10x_usart.o
    0x08003688   0x08003688   0x0000000a   Code   RO         2974    i.USART_ReceiveData  stm32f10x_usart.o
    0x08003692   0x08003692   0x00000008   Code   RO         2977    i.USART_SendData    stm32f10x_usart.o
    0x0800369a   0x0800369a   0x00000002   PAD
    0x0800369c   0x0800369c   0x00000138   Code   RO         3868    i.UpdateDisplay     main_onenet.o
    0x080037d4   0x080037d4   0x00000004   Code   RO         3793    i.UsageFault_Handler  stm32f10x_it.o
    0x080037d8   0x080037d8   0x0000000e   Code   RO         4240    i._is_digit         c_w.l(__printf_wp.o)
    0x080037e6   0x080037e6   0x00000002   PAD
    0x080037e8   0x080037e8   0x0000013c   Code   RO         3869    i.main              main_onenet.o
    0x08003924   0x08003924   0x0000002c   Code   RO         4472    locale$$code        c_w.l(lc_ctype_c.o)
    0x08003950   0x08003950   0x00000062   Code   RO         4285    x$fpl$d2f           fz_ws.l(d2f.o)
    0x080039b2   0x080039b2   0x00000002   PAD
    0x080039b4   0x080039b4   0x000002b0   Code   RO         4288    x$fpl$ddiv          fz_ws.l(ddiv.o)
    0x08003c64   0x08003c64   0x0000009c   Code   RO         4401    x$fpl$dnaninf       fz_ws.l(dnaninf.o)
    0x08003d00   0x08003d00   0x0000000c   Code   RO         4403    x$fpl$dretinf       fz_ws.l(dretinf.o)
    0x08003d0c   0x08003d0c   0x00000056   Code   RO         4291    x$fpl$f2d           fz_ws.l(f2d.o)
    0x08003d62   0x08003d62   0x00000002   PAD
    0x08003d64   0x08003d64   0x0000003e   Code   RO         4293    x$fpl$ffixu         fz_ws.l(ffixu.o)
    0x08003da2   0x08003da2   0x00000002   PAD
    0x08003da4   0x08003da4   0x00000026   Code   RO         4297    x$fpl$ffltu         fz_ws.l(fflt_clz.o)
    0x08003dca   0x08003dca   0x0000008c   Code   RO         4405    x$fpl$fnaninf       fz_ws.l(fnaninf.o)
    0x08003e56   0x08003e56   0x0000000a   Code   RO         4407    x$fpl$fretinf       fz_ws.l(fretinf.o)
    0x08003e60   0x08003e60   0x00000000   Code   RO         4409    x$fpl$usenofp       fz_ws.l(usenofp.o)
    0x08003e60   0x08003e60   0x000005f0   Data   RO         3368    .constdata          oled.o
    0x08004450   0x08004450   0x00000008   Data   RO         4201    .constdata          c_w.l(_printf_wctomb.o)
    0x08004458   0x08004458   0x00000028   Data   RO         4213    .constdata          c_w.l(_printf_hex_int.o)
    0x08004480   0x08004480   0x00000011   Data   RO         4248    .constdata          c_w.l(__printf_flags_ss_wp.o)
    0x08004491   0x08004491   0x00000003   PAD
    0x08004494   0x08004494   0x00000112   Data   RO         3975    .conststring        onenet.o
    0x080045a6   0x080045a6   0x00000002   PAD
    0x080045a8   0x080045a8   0x00000020   Data   RO         4552    Region$$Table       anon$$obj.o
    0x080045c8   0x080045c8   0x00000110   Data   RO         4471    locale$$data        c_w.l(lc_ctype_c.o)


    Execution Region RW_IRAM1 (Exec base: 0x20000000, Load base: 0x080046d8, Size: 0x000009d8, Max: 0x00005000, ABSOLUTE)

    Exec Addr    Load Addr    Size         Type   Attr      Idx    E Section Name        Object

    0x20000000   0x080046d8   0x00000014   Data   RW         1805    .data               stm32f10x_rcc.o
    0x20000014   0x080046ec   0x00000006   Data   RW         3603    .data               esp8266.o
    0x2000001a   0x080046f2   0x00000002   PAD
    0x2000001c   0x080046f4   0x00000008   Data   RW         3762    .data               timer.o
    0x20000024   0x080046fc   0x00000002   Data   RW         3794    .data               stm32f10x_it.o
    0x20000026   0x080046fe   0x00000002   PAD
    0x20000028   0x08004700   0x00000024   Data   RW         3871    .data               main_onenet.o
    0x2000004c   0x08004724   0x00000009   Data   RW         3976    .data               onenet.o
    0x20000055   0x0800472d   0x00000003   PAD
    0x20000058        -       0x00000300   Zero   RW         3602    .bss                esp8266.o
    0x20000358        -       0x0000001c   Zero   RW         3870    .bss                main_onenet.o
    0x20000374        -       0x00000060   Zero   RW         4413    .bss                c_w.l(libspace.o)
    0x200003d4   0x0800472d   0x00000004   PAD
    0x200003d8        -       0x00000200   Zero   RW            2    HEAP                startup_stm32f10x_md.o
    0x200005d8        -       0x00000400   Zero   RW            1    STACK               startup_stm32f10x_md.o


==============================================================================

Image component sizes


      Code (inc. data)   RO Data    RW Data    ZI Data      Debug   Object Name

       488         38          0          0          0       3912   bh1750.o
         0          0          0          0          0       4524   core_cm3.o
        70          0          0          0          0        834   delay.o
       420         18          0          0          0       2511   dht11.o
      1478        344          0          6        768      11658   esp8266.o
      2038        420          0         36         28       6944   main_onenet.o
       112         12          0          0          0     213080   misc.o
       180         12          0          0          0        938   mq2.o
      1746         64          0          0          0       9295   mqttkit.o
       726         22       1520          0          0       5767   oled.o
       668        100        274          9          0       6591   onenet.o
        64         26        236          0       1536        780   startup_stm32f10x_md.o
       486         24          0          0          0      18214   stm32f10x_adc.o
       314          0          0          0          0      12024   stm32f10x_gpio.o
       462         14          0          0          0      14696   stm32f10x_i2c.o
       106         18          0          2          0       3804   stm32f10x_it.o
        68         30          0          0          0       2070   stm32f10x_iwdg.o
       308         38          0         20          0      13203   stm32f10x_rcc.o
       246         42          0          0          0      23334   stm32f10x_tim.o
       472          6          0          0          0      12031   stm32f10x_usart.o
       328         28          0          0          0      52745   system_stm32f10x.o
       124         10          0          8          0       1407   timer.o

    ----------------------------------------------------------------------
     10934       1266       2064         88       2332     420362   Object Totals
         0          0         32          0          0          0   (incl. Generated)
        30          0          2          7          0          0   (incl. Padding)

    ----------------------------------------------------------------------

      Code (inc. data)   RO Data    RW Data    ZI Data      Debug   Library Member Name

         8          0          0          0          0         68   __main.o
       392          4         17          0          0         92   __printf_flags_ss_wp.o
        14          0          0          0          0         68   __printf_wp.o
         0          0          0          0          0          0   __rtentry.o
        12          0          0          0          0          0   __rtentry2.o
         6          0          0          0          0          0   __rtentry4.o
        52          8          0          0          0          0   __scatter.o
        26          0          0          0          0          0   __scatter_copy.o
        28          0          0          0          0          0   __scatter_zi.o
        28          0          0          0          0         68   _chval.o
         6          0          0          0          0          0   _printf_c.o
        44          0          0          0          0        108   _printf_char.o
        48          6          0          0          0         96   _printf_char_common.o
         6          0          0          0          0          0   _printf_d.o
       120         16          0          0          0         92   _printf_dec.o
        88          4         40          0          0         88   _printf_hex_int.o
         6          0          0          0          0          0   _printf_i.o
       178          0          0          0          0         88   _printf_intcommon.o
        10          0          0          0          0          0   _printf_l.o
         6          0          0          0          0          0   _printf_lc.o
         6          0          0          0          0          0   _printf_o.o
        80          8          0          0          0         88   _printf_oct_int.o
        78          0          0          0          0        108   _printf_pad.o
         0          0          0          0          0          0   _printf_percent.o
         4          0          0          0          0          0   _printf_percent_end.o
         6          0          0          0          0          0   _printf_s.o
        82          0          0          0          0         80   _printf_str.o
        36          0          0          0          0         84   _printf_truncate.o
         6          0          0          0          0          0   _printf_u.o
        44          0          0          0          0        108   _printf_wchar.o
       188          6          8          0          0         92   _printf_wctomb.o
         6          0          0          0          0          0   _printf_x.o
        10          0          0          0          0         68   _sputc.o
       158          0          0          0          0         92   _strtoul.o
        64          0          0          0          0         92   _wcrtomb.o
        26          0          0          0          0         80   atoi.o
        10          0          0          0          0         68   defsig_exit.o
        50          0          0          0          0         88   defsig_general.o
        80         58          0          0          0         76   defsig_rtmem_inner.o
        14          0          0          0          0         80   defsig_rtmem_outer.o
        18          0          0          0          0         80   exit.o
        94          0          0          0          0         80   h1_alloc.o
        52          0          0          0          0         68   h1_extend.o
        78          0          0          0          0         80   h1_free.o
        14          0          0          0          0         84   h1_init.o
         6          0          0          0          0        152   heapauxi.o
         4          0          0          0          0        136   hguard.o
         0          0          0          0          0          0   indicate_semi.o
       138          0          0          0          0        168   init_alloc.o
        44         10        272          0          0         76   lc_ctype_c.o
         2          0          0          0          0          0   libinit.o
        28          0          0          0          0          0   libinit2.o
         2          0          0          0          0          0   libshutdown.o
         2          0          0          0          0          0   libshutdown2.o
         8          4          0          0         96         68   libspace.o
         0          0          0          0          0          0   maybetermalloc1.o
        40          6          0          0          0         84   noretval__2sprintf.o
        16          4          0          0          0         76   rt_ctype_table.o
         8          4          0          0          0         68   rt_errno_addr_intlibspace.o
         8          4          0          0          0         68   rt_heap_descriptor_intlibspace.o
         8          4          0          0          0         68   rt_locale_intlibspace.o
        68          0          0          0          0         68   rt_memclr.o
        78          0          0          0          0         80   rt_memclr_w.o
       138          0          0          0          0         68   rt_memcpy_v6.o
       100          0          0          0          0         80   rt_memcpy_w.o
         2          0          0          0          0          0   rtexit.o
        10          0          0          0          0          0   rtexit2.o
        20          0          0          0          0         68   strchr.o
       128          0          0          0          0         68   strcmpv7m.o
        62          0          0          0          0         76   strlen.o
        36          0          0          0          0         76   strncat.o
        36          0          0          0          0         80   strstr.o
       112          0          0          0          0         88   strtol.o
        12          4          0          0          0         68   sys_exit.o
        74          0          0          0          0         80   sys_stackheap_outer.o
        14          0          0          0          0         76   sys_wrch.o
         2          0          0          0          0         68   use_no_semi.o
        98          4          0          0          0         92   d2f.o
       688        140          0          0          0        208   ddiv.o
       156          4          0          0          0         92   dnaninf.o
        12          0          0          0          0         68   dretinf.o
        86          4          0          0          0         84   f2d.o
        62          4          0          0          0         84   ffixu.o
        38          0          0          0          0         68   fflt_clz.o
       140          4          0          0          0         84   fnaninf.o
        10          0          0          0          0         68   fretinf.o
         0          0          0          0          0          0   usenofp.o

    ----------------------------------------------------------------------
      4798        310        340          0        100       5220   Library Totals
        20          0          3          0          4          0   (incl. Padding)

    ----------------------------------------------------------------------

      Code (inc. data)   RO Data    RW Data    ZI Data      Debug   Library Name

      3488        150        337          0         96       4372   c_w.l
      1290        160          0          0          0        848   fz_ws.l

    ----------------------------------------------------------------------
      4798        310        340          0        100       5220   Library Totals

    ----------------------------------------------------------------------

==============================================================================


      Code (inc. data)   RO Data    RW Data    ZI Data      Debug   

     15732       1576       2404         88       2432     415750   Grand Totals
     15732       1576       2404         88       2432     415750   ELF Image Totals
     15732       1576       2404         88          0          0   ROM Totals

==============================================================================

    Total RO  Size (Code + RO Data)                18136 (  17.71kB)
    Total RW  Size (RW Data + ZI Data)              2520 (   2.46kB)
    Total ROM Size (Code + RO Data + RW Data)      18224 (  17.80kB)

==============================================================================

